--------- beginning of system
12-06 20:13:45.960 W/ContextImpl( 4012): Calling a method in the system process without a qualified user: android.app.ContextImpl.startService:1692 android.content.ContextWrapper.startService:516 android.content.ContextWrapper.startService:516 com.mbx.clearservice.Alarmreceiver.onReceive:17 android.app.ActivityThread.handleReceiver:2609 
--------- beginning of main
12-06 20:13:45.975 I/ClearService( 4012): 服务启动
12-06 20:13:46.004 I/ClearService( 4012): 14
12-06 20:13:46.010 I/ClearService( 4012): 清理前的可用内存408
12-06 20:13:46.010 I/ClearService( 4012): 正在运行的进程android.app.ActivityManager$RunningAppProcessInfo@1dc7bcb0
12-06 20:13:46.011 I/ClearService( 4012): 进程名org.coolx.htvlauncher
12-06 20:13:46.014 I/ClearService( 4012): 前台进程org.coolx.htvlauncher
12-06 20:13:46.014 I/ClearService( 4012): It will be killed, package name : org.coolx.htvlauncher
12-06 20:13:46.021 I/ClearService( 4012): 正在运行的进程android.app.ActivityManager$RunningAppProcessInfo@29a92729
12-06 20:13:46.021 I/ClearService( 4012): 进程名com.mbx.clearservice
12-06 20:13:46.021 I/ClearService( 4012): 正在运行的进程android.app.ActivityManager$RunningAppProcessInfo@39aa5aae
12-06 20:13:46.022 I/ClearService( 4012): 进程名com.google.process.gapps
12-06 20:13:46.025 I/ClearService( 4012): 前台进程org.coolx.htvlauncher
12-06 20:13:46.025 I/ClearService( 4012): It will be killed, package name : com.google.android.syncadapters.contacts
12-06 20:13:46.028 I/ActivityManager( 3096): Killing 8254:com.google.process.gapps/u0a8 (adj 8): kill background
12-06 20:13:46.089 W/ActivityManager( 3096): Scheduling restart of crashed service com.google.android.gms/.gcm.http.GoogleHttpService in 1000ms
12-06 20:13:46.089 W/ActivityManager( 3096): Scheduling restart of crashed service com.google.android.gms/.gcm.GcmService in 11000ms
12-06 20:13:46.090 I/ClearService( 4012): It will be killed, package name : com.google.android.gms
12-06 20:13:46.090 I/ActivityManager( 3096): Killing 8236:com.google.android.gms.wearable/u0a8 (adj 8): kill background
12-06 20:13:46.194 W/ActivityManager( 3096): Scheduling restart of crashed service com.google.android.gms/.wearable.service.WearableService in 16000ms
12-06 20:13:46.194 I/ActivityManager( 3096): Killing 8285:com.google.android.gms/u0a8 (adj 5): kill background
12-06 20:13:46.261 D/WifiService( 3096): Client connection lost with reason: 4
12-06 20:13:46.299 W/ActivityManager( 3096): Scheduling restart of crashed service com.google.android.gms/.checkin.CheckinService in 11621837905592320ms
12-06 20:13:46.300 W/ActivityManager( 3096): Spurious death for ProcessRecord{29c26e0d 8254:com.google.process.gapps/u0a8}, curProc for 8254: null
12-06 20:13:46.309 W/ActivityManager( 3096): Spurious death for ProcessRecord{35296996 8236:com.google.android.gms.wearable/u0a8}, curProc for 8236: null
12-06 20:13:46.309 W/ActivityManager( 3096): Spurious death for ProcessRecord{a976aca 8285:com.google.android.gms/u0a8}, curProc for 8285: null
12-06 20:13:46.319 I/ClearService( 4012): It will be killed, package name : com.google.android.gsf
12-06 20:13:46.320 I/ClearService( 4012): 正在运行的进程android.app.ActivityManager$RunningAppProcessInfo@5bdd04f
12-06 20:13:46.320 I/ClearService( 4012): 进程名com.google.android.gms
12-06 20:13:46.321 I/ClearService( 4012): 前台进程org.coolx.htvlauncher
12-06 20:13:46.321 I/ClearService( 4012): It will be killed, package name : com.google.android.gms
12-06 20:13:46.321 I/ClearService( 4012): 正在运行的进程android.app.ActivityManager$RunningAppProcessInfo@3363f3dc
12-06 20:13:46.321 I/ClearService( 4012): 进程名com.google.android.gms.wearable
12-06 20:13:46.322 I/ClearService( 4012): 前台进程org.coolx.htvlauncher
12-06 20:13:46.322 I/ClearService( 4012): It will be killed, package name : com.google.android.gms
12-06 20:13:46.323 I/ClearService( 4012): 正在运行的进程android.app.ActivityManager$RunningAppProcessInfo@e040ce5
12-06 20:13:46.323 I/ClearService( 4012): 进程名com.android.tv.settings
12-06 20:13:46.323 I/ClearService( 4012): 正在运行的进程android.app.ActivityManager$RunningAppProcessInfo@11c573ba
12-06 20:13:46.323 I/ClearService( 4012): 进程名com.google.process.location
12-06 20:13:46.324 I/ClearService( 4012): 前台进程org.coolx.htvlauncher
12-06 20:13:46.324 I/ClearService( 4012): It will be killed, package name : com.google.android.gms
12-06 20:13:46.324 I/ClearService( 4012): It will be killed, package name : com.google.android.backuptransport
12-06 20:13:46.325 I/ClearService( 4012): 正在运行的进程android.app.ActivityManager$RunningAppProcessInfo@3631226b
12-06 20:13:46.325 I/ClearService( 4012): 进程名swl.app.Upgrade
12-06 20:13:46.325 I/ClearService( 4012): 正在运行的进程android.app.ActivityManager$RunningAppProcessInfo@152a71c8
12-06 20:13:46.325 I/ClearService( 4012): 进程名com.droidlogic.PPPoE
12-06 20:13:46.325 I/ClearService( 4012): 正在运行的进程android.app.ActivityManager$RunningAppProcessInfo@3a6d9261
12-06 20:13:46.325 I/ClearService( 4012): 进程名com.droidlogic.SubTitleService
12-06 20:13:46.325 I/ClearService( 4012): 正在运行的进程android.app.ActivityManager$RunningAppProcessInfo@1b471186
12-06 20:13:46.325 I/ClearService( 4012): 进程名com.droidlogic.service.remotecontrol
12-06 20:13:46.326 I/ClearService( 4012): 正在运行的进程android.app.ActivityManager$RunningAppProcessInfo@183d7a47
12-06 20:13:46.326 I/ClearService( 4012): 进程名com.droidlogic.inputmethod.remote
12-06 20:13:46.326 I/ClearService( 4012): 正在运行的进程android.app.ActivityManager$RunningAppProcessInfo@2758e274
12-06 20:13:46.326 I/ClearService( 4012): 进程名com.android.systemui
12-06 20:13:46.326 I/ClearService( 4012): 正在运行的进程android.app.ActivityManager$RunningAppProcessInfo@2f8ff39d
12-06 20:13:46.326 I/ClearService( 4012): 进程名system
12-06 20:13:46.329 I/ClearService( 4012): 清理后的可用内存419
12-06 20:13:48.263 D/AndroidRuntime( 8344): >>>>>> START com.android.internal.os.RuntimeInit uid 2000 <<<<<<
12-06 20:13:48.266 D/AndroidRuntime( 8344): CheckJNI is OFF
12-06 20:13:48.359 D/AndroidRuntime( 8344): Calling main entry com.android.commands.pm.Pm
12-06 20:13:48.366 I/PackageManager( 3096): init_copy idx=0: InstallParams{d1d917 file=/data/local/tmp/UnicodeIME-debug.apk cid=null}
12-06 20:13:48.398 I/ActivityManager( 3096): Start proc 8356:com.android.defcontainer/u0a3 for service com.android.defcontainer/.DefaultContainerService
12-06 20:13:48.412 I/art     ( 2781): Explicit concurrent mark sweep GC freed 709(30KB) AllocSpace objects, 0(0B) LOS objects, 39% free, 4MB/6MB, paused 3.857ms total 19.885ms
12-06 20:13:48.424 I/PackageManager( 3096): mcs_bound
12-06 20:13:48.424 I/PackageManager( 3096): startCopy UserHandle{-1}: InstallParams{d1d917 file=/data/local/tmp/UnicodeIME-debug.apk cid=null}
12-06 20:13:48.433 I/art     ( 2781): Explicit concurrent mark sweep GC freed 5(160B) AllocSpace objects, 0(0B) LOS objects, 39% free, 4MB/6MB, paused 324us total 19.680ms
12-06 20:13:48.434 D/DefContainer( 8356): Copying /data/local/tmp/UnicodeIME-debug.apk to base.apk
12-06 20:13:48.439 D/PackageManager( 3096): installPackageLI: path=/data/app/vmdl793319018.tmpjava.lang.Throwable
12-06 20:13:48.439 D/PackageManager( 3096): 	at com.android.server.pm.PackageManagerService.installPackageLI(PackageManagerService.java:10758)
12-06 20:13:48.439 D/PackageManager( 3096): 	at com.android.server.pm.PackageManagerService.access$2300(PackageManagerService.java:237)
12-06 20:13:48.439 D/PackageManager( 3096): 	at com.android.server.pm.PackageManagerService$6.run(PackageManagerService.java:8849)
12-06 20:13:48.439 D/PackageManager( 3096): 	at android.os.Handler.handleCallback(Handler.java:739)
12-06 20:13:48.439 D/PackageManager( 3096): 	at android.os.Handler.dispatchMessage(Handler.java:95)
12-06 20:13:48.439 D/PackageManager( 3096): 	at android.os.Looper.loop(Looper.java:135)
12-06 20:13:48.439 D/PackageManager( 3096): 	at android.os.HandlerThread.run(HandlerThread.java:61)
12-06 20:13:48.439 D/PackageManager( 3096): 	at com.android.server.ServiceThread.run(ServiceThread.java:46)
12-06 20:13:48.449 D/PackageManager( 3096): manifestDigest was not present, but parser got: ManifestDigest {mDigest=7c,db,9c,a4,c7,59,ae,b8,83,5a,b8,a9,62,c8,53,bf,79,8c,b4,08,f2,e0,61,eb,f1,06,42,ae,5d,bc,c7,7d,}
12-06 20:13:48.449 D/PackageManager( 3096): Renaming /data/app/vmdl793319018.tmp to /data/app/io.appium.android.ime-1
12-06 20:13:48.450 D/PackageManager( 3096): installNewPackageLI: Package{166216a5 io.appium.android.ime}
12-06 20:13:48.454 I/art     ( 2781): Explicit concurrent mark sweep GC freed 5(160B) AllocSpace objects, 0(0B) LOS objects, 39% free, 4MB/6MB, paused 308us total 19.828ms
12-06 20:13:48.462 I/PackageManager( 3096): Linking native library dir for /data/app/io.appium.android.ime-1
12-06 20:13:48.463 I/PackageManager( 3096): Running dexopt on: /data/app/io.appium.android.ime-1/base.apk pkg=io.appium.android.ime isa=arm vmSafeMode=false
12-06 20:13:48.491 E/cutils-trace( 8375): Error opening trace file: Permission denied (13)
12-06 20:13:48.491 I/dex2oat ( 8375): /system/bin/dex2oat --zip-fd=6 --zip-location=/data/app/io.appium.android.ime-1/base.apk --oat-fd=7 --oat-location=/data/dalvik-cache/arm/data@app@io.appium.android.ime-1@base.apk@classes.dex --instruction-set=arm --instruction-set-features=default --runtime-arg -Xms64m --runtime-arg -Xmx512m --swap-fd=10
12-06 20:13:48.497 I/dex2oat ( 8375): Decided to run without swap.
12-06 20:13:48.529 I/dex2oat ( 8375): dex2oat took 37.721ms (threads: 4) arena alloc=88KB java alloc=27KB native alloc=1146KB free=25KB
12-06 20:13:48.569 D/PackageManager( 3096): New package installed in /data/app/io.appium.android.ime-1
12-06 20:13:48.619 V/PackageManager( 3096): + starting restore round-trip 2
12-06 20:13:48.619 V/PackageManager( 3096): token 2 to BM for possible restore
12-06 20:13:48.619 V/BackupManagerService( 3096): restoreAtInstall pkg=io.appium.android.ime token=2 restoreSet=0
12-06 20:13:48.619 V/BackupManagerService( 3096): Finishing install immediately
12-06 20:13:48.619 V/PackageManager( 3096): BM finishing package install for 2
12-06 20:13:48.619 V/PackageManager( 3096): Handling post-install for 2
12-06 20:13:48.624 I/InputReader( 3096): Reconfiguring input devices.  changes=0x00000010
12-06 20:13:48.640 W/Settings( 3096): Setting install_non_market_apps has moved from android.provider.Settings.Global to android.provider.Settings.Secure, returning read-only value.
12-06 20:13:48.641 D/BackupManagerService( 3096): Received broadcast Intent { act=android.intent.action.PACKAGE_ADDED dat=package:io.appium.android.ime flg=0x4000010 (has extras) }
12-06 20:13:48.641 W/BackupManagerService( 3096): Removing schedule queue dupe of io.appium.android.ime
12-06 20:13:48.643 D/apps    ( 7177): apps.size()=17
12-06 20:13:48.644 W/PackageManager( 7177): Failure retrieving resources for com.android.gallery3d: Resource ID #0x0
12-06 20:13:48.646 W/PackageManager( 7177): Failure retrieving resources for com.android.tv.settings: Resource ID #0x0
12-06 20:13:48.647 W/PackageManager( 7177): Failure retrieving resources for com.android.vending: Resource ID #0x0
12-06 20:13:48.650 W/PackageManager( 7177): Failure retrieving resources for com.android.browser: Resource ID #0x0
12-06 20:13:48.652 W/PackageManager( 7177): Failure retrieving resources for org.coolx.htvlauncher: Resource ID #0x0
12-06 20:13:48.653 W/PackageManager( 7177): Failure retrieving resources for com.android.music: Resource ID #0x0
12-06 20:13:48.655 W/PackageManager( 7177): Failure retrieving resources for com.google.android.youtube.tv: Resource ID #0x0
12-06 20:13:48.657 I/ActivityManager( 3096): Start proc 8380:android.process.acore/u0a2 for broadcast com.android.providers.contacts/.PackageIntentReceiver
12-06 20:13:48.657 W/PackageManager( 7177): Failure retrieving resources for com.swl.kclauncher: Resource ID #0x0
12-06 20:13:48.659 W/PackageManager( 7177): Failure retrieving resources for com.droidlogic.mediacenter: Resource ID #0x0
12-06 20:13:48.665 W/PackageManager( 7177): Failure retrieving resources for com.mbx.clearservice: Resource ID #0x0
12-06 20:13:48.666 W/PackageManager( 7177): Failure retrieving resources for com.droidlogic.FileBrower: Resource ID #0x0
12-06 20:13:48.668 W/PackageManager( 7177): Failure retrieving resources for com.swl.market: Resource ID #0x0
12-06 20:13:48.670 W/PackageManager( 7177): Failure retrieving resources for com.droidlogic.miracast: Resource ID #0x0
12-06 20:13:48.673 W/PackageManager( 7177): Failure retrieving resources for com.droidlogic.PPPoE: Resource ID #0x0
12-06 20:13:48.675 W/PackageManager( 7177): Failure retrieving resources for swl.app.Upgrade: Resource ID #0x0
12-06 20:13:48.677 W/PackageManager( 7177): Failure retrieving resources for com.droidlogic.videoplayer: Resource ID #0x0
12-06 20:13:48.711 D/Utils   ( 7177): load custom Apps from file : /data/data/org.coolx.htvlauncher/final_apps.cfg
12-06 20:13:48.712 D/Utils   ( 7177): load string is com.swl.kclauncher;
12-06 20:13:48.712 D/Utils   ( 7177): CustomApp Size: 1 / 	[com.swl.kclauncher]
12-06 20:13:48.712 D/Utils   ( 7177): path==/data/data/org.coolx.htvlauncher/final_apps.cfg
12-06 20:13:48.712 D/Utils   ( 7177): 写入应用：com.swl.kclauncher
12-06 20:13:48.713 D/Utils   ( 7177): 写入应用：io.appium.android.ime
12-06 20:13:48.713 D/Utils   ( 7177): 写入应用完成
12-06 20:13:48.713 D/sven    ( 7177): 添加到炫版分类 Appium Android Input Manager for Unicode
12-06 20:13:48.715 D/Utils   ( 7177): load custom Apps from file : /data/data/org.coolx.htvlauncher/final_apps.cfg
12-06 20:13:48.716 D/Utils   ( 7177): load string is com.swl.kclauncher;io.appium.android.ime;
12-06 20:13:48.716 D/Utils   ( 7177): CustomApp Size: 2 / 	[com.swl.kclauncher, io.appium.android.ime]
12-06 20:13:48.721 W/PackageManager( 7177): Failure retrieving resources for com.android.gallery3d: Resource ID #0x0
12-06 20:13:48.725 W/PackageManager( 7177): Failure retrieving resources for com.android.tv.settings: Resource ID #0x0
12-06 20:13:48.731 W/PackageManager( 7177): Failure retrieving resources for com.android.vending: Resource ID #0x0
12-06 20:13:48.733 W/PackageManager( 7177): Failure retrieving resources for com.android.browser: Resource ID #0x0
12-06 20:13:48.735 W/PackageManager( 7177): Failure retrieving resources for org.coolx.htvlauncher: Resource ID #0x0
12-06 20:13:48.737 W/PackageManager( 7177): Failure retrieving resources for com.android.music: Resource ID #0x0
12-06 20:13:48.740 W/PackageManager( 7177): Failure retrieving resources for com.google.android.youtube.tv: Resource ID #0x0
12-06 20:13:48.743 W/PackageManager( 7177): Failure retrieving resources for com.swl.kclauncher: Resource ID #0x0
12-06 20:13:48.745 W/PackageManager( 7177): Failure retrieving resources for com.droidlogic.mediacenter: Resource ID #0x0
12-06 20:13:48.747 W/PackageManager( 7177): Failure retrieving resources for com.mbx.clearservice: Resource ID #0x0
12-06 20:13:48.748 W/PackageManager( 7177): Failure retrieving resources for com.droidlogic.FileBrower: Resource ID #0x0
12-06 20:13:48.750 W/PackageManager( 7177): Failure retrieving resources for com.swl.market: Resource ID #0x0
12-06 20:13:48.753 W/PackageManager( 7177): Failure retrieving resources for com.droidlogic.miracast: Resource ID #0x0
12-06 20:13:48.755 W/PackageManager( 7177): Failure retrieving resources for com.droidlogic.PPPoE: Resource ID #0x0
12-06 20:13:48.756 W/PackageManager( 7177): Failure retrieving resources for swl.app.Upgrade: Resource ID #0x0
12-06 20:13:48.757 W/PackageManager( 7177): Failure retrieving resources for com.droidlogic.videoplayer: Resource ID #0x0
12-06 20:13:48.804 W/Searchables( 3096): No global search activity found
12-06 20:13:48.805 I/art     ( 3096): Explicit concurrent mark sweep GC freed 20170(1349KB) AllocSpace objects, 7(112KB) LOS objects, 33% free, 11MB/16MB, paused 1.092ms total 164.456ms
12-06 20:13:48.806 E/cutils-trace( 8344): Error opening trace file: Permission denied (13)
12-06 20:13:48.808 I/art     ( 8344): System.exit called, status: 0
12-06 20:13:48.808 I/AndroidRuntime( 8344): VM exiting with result code 0.
12-06 20:13:48.842 I/ContactLocale( 8380): AddressBook Labels [en-US;zh-CN]: [, A, B, C, D, E, F, G, H, I, J, K, L, M, N, O, P, Q, R, S, T, U, V, W, X, Y, Z, Α, Β, Γ, Δ, Ε, Ζ, Η, Θ, Ι, Κ, Λ, Μ, Ν, Ξ, Ο, Π, Ρ, Σ, Τ, Υ, Φ, Χ, Ψ, Ω, , А, Б, В, Г, Д, Ђ, Е, Є, Ж, З, И, І, Ї, Й, Ј, К, Л, Љ, М, Н, Њ, О, П, Р, С, Т, Ћ, У, Ф, Х, Ц, Ч, Џ, Ш, Щ, Ю, Я, , א, ב, ג, ד, ה, ו, ז, ח, ט, י, כ, ל, מ, נ, ס, ע, פ, צ, ק, ר, ש, ת, , ا, ب, ت, ث, ج, ح, خ, د, ذ, ر, ز, س, ش, ص, ض, ط, ظ, ع, غ, ف, ق, ك, ل, م, ن, ه, و, ي, , ก, ข, ฃ, ค, ฅ, ฆ, ง, จ, ฉ, ช, ซ, ฌ, ญ, ฎ, ฏ, ฐ, ฑ, ฒ, ณ, ด, ต, ถ, ท, ธ, น, บ, ป, ผ, ฝ, พ, ฟ, ภ, ม, ย, ร, ฤ, ล, ฦ, ว, ศ, ษ, ส, ห, ฬ, อ, ฮ, , ㄱ, ㄴ, ㄷ, ㄹ, ㅁ, ㅂ, ㅅ, ㅇ, ㅈ, ㅊ, ㅋ, ㅌ, ㅍ, ㅎ, , あ, か, さ, た, な, は, ま, や, ら, わ, #, ]
12-06 20:13:48.847 I/ActivityManager( 3096): Start proc 8405:com.android.gallery3d/u0a6 for broadcast com.android.gallery3d/.app.PackagesMonitor
12-06 20:13:48.850 W/VoiceInteractionManagerService( 3096): no available voice recognition services found for user 0
12-06 20:13:48.936 I/ActivityManager( 3096): Start proc 8426:com.android.musicfx/u0a10 for broadcast com.android.musicfx/.Compatibility$Receiver
12-06 20:13:49.021 I/ActivityManager( 3096): Start proc 8445:com.google.android.gms/u0a8 for broadcast com.google.android.gms/.config.ConfigFetchService$PackageReceiver
12-06 20:13:49.050 W/ResourcesManager( 8445): Asset path '/system/framework/com.android.location.provider.jar' does not exist or contains no resources.
12-06 20:13:49.062 I/MultiDex( 8445): VM with version 2.1.0 has multidex support
12-06 20:13:49.063 I/MultiDex( 8445): install
12-06 20:13:49.063 I/MultiDex( 8445): VM has multidex support, MultiDex support library is disabled.
12-06 20:13:49.107 D/AndroidRuntime( 8422): >>>>>> START com.android.internal.os.RuntimeInit uid 2000 <<<<<<
12-06 20:13:49.112 D/AndroidRuntime( 8422): CheckJNI is OFF
12-06 20:13:49.122 I/ActivityManager( 3096): Start proc 8465:com.google.process.gapps/u0a8 for content provider com.google.android.gsf/.gservices.GservicesProvider
12-06 20:13:49.145 I/GservicesProvider( 8465): Gservices pushing to system: true; secure/global: true
12-06 20:13:49.149 E/cutils-trace( 8422): Error opening trace file: Permission denied (13)
12-06 20:13:49.178 I/ProviderInstaller( 8445): Insert disabled by gate 'gms:security:enable_conscrypt_in_gms_application'
12-06 20:13:49.180 I/ConfigFetchService( 8445): PackageReceiver: Intent { act=android.intent.action.PACKAGE_ADDED dat=package:io.appium.android.ime flg=0x4000010 cmp=com.google.android.gms/.config.ConfigFetchService$PackageReceiver (has extras) }
12-06 20:13:49.200 I/CheckinService( 8445): Disabling old GoogleServicesFramework version
12-06 20:13:49.218 W/ResourcesManager( 8465): Asset path '/system/framework/com.android.location.provider.jar' does not exist or contains no resources.
12-06 20:13:49.221 I/MultiDex( 8465): VM with version 2.1.0 has multidex support
12-06 20:13:49.221 I/MultiDex( 8465): install
12-06 20:13:49.222 I/MultiDex( 8465): VM has multidex support, MultiDex support library is disabled.
12-06 20:13:49.223 I/ConfigFetchService( 8445): onStartCommand Intent { act=android.intent.action.PACKAGE_ADDED dat=package:io.appium.android.ime cmp=com.google.android.gms/.config.ConfigFetchService (has extras) }
12-06 20:13:49.224 I/ConfigFetchService( 8445): launchTask
12-06 20:13:49.227 I/ProviderInstaller( 8465): Insert disabled by gate 'gms:security:enable_conscrypt_in_gms_application'
12-06 20:13:49.228 I/ConfigService( 8465): onCreate
12-06 20:13:49.239 D/AndroidRuntime( 8422): Calling main entry com.android.commands.settings.SettingsCmd
12-06 20:13:49.241 I/ConfigService( 8465): onBind for Intent { act=com.google.android.gms.config.UPDATE pkg=com.google.android.gms } action com.google.android.gms.config.UPDATE
12-06 20:13:49.246 I/ConfigService( 8465): onBind returning update interface
12-06 20:13:49.249 D/AndroidRuntime( 8422): Shutting down VM
12-06 20:13:49.249 I/ConfigService( 8465): onBind for Intent { act=com.google.android.gms.config.START pkg=com.google.android.gms } action com.google.android.gms.config.START
12-06 20:13:49.250 I/ConfigService( 8465): onBind returning config service
12-06 20:13:49.257 W/ConfigFetchTask( 8445): no android id
12-06 20:13:49.257 E/ConfigFetchTask( 8445): failed to build request; aborting config fetch
12-06 20:13:49.290 I/ConfigFetchService( 8445): service connected
12-06 20:13:49.301 I/ConfigClient( 8445): service connected
12-06 20:13:49.302 I/ConfigFetchService( 8445): fetch service done; releasing wakelock
12-06 20:13:49.302 I/ConfigFetchService( 8445): stopping self
12-06 20:13:49.326 I/ActivityManager( 3096): Start proc 8508:com.android.vending/u0a17 for broadcast com.android.vending/com.google.android.finsky.receivers.PackageMonitorReceiver$RegisteredReceiver
12-06 20:13:49.339 D/PackageBroadcastService( 8445): Received broadcast action=android.intent.action.PACKAGE_ADDED and uri=io.appium.android.ime
12-06 20:13:49.342 I/ConfigService( 8465): onDestroy
12-06 20:13:49.345 I/CheckinService( 8445): active receiver: enabled
12-06 20:13:49.347 I/CheckinService( 8445): Preparing to send checkin request
12-06 20:13:49.372 I/EventLogService( 8445): Accumulating logs since 1481094770773
12-06 20:13:49.373 I/PeopleContactsSync( 8445): CP2 sync disabled
12-06 20:13:49.399 I/ActivityManager( 3096): Start proc 8530:com.google.android.gms.wearable/u0a8 for service com.google.android.gms/.wearable.service.WearableControlService
12-06 20:13:49.425 W/ResourcesManager( 8530): Asset path '/system/framework/com.android.location.provider.jar' does not exist or contains no resources.
12-06 20:13:49.436 W/GmsApplication( 8445): Using Auth Proxy for data requests.
12-06 20:13:49.442 I/Icing   ( 8445): Storage manager: low false usage 65.46KB avail 3.44GB capacity 3.59GB
12-06 20:13:49.451 W/Finsky  ( 8508): [1] FinskyApp.getCurrentAccount: No account configured on this device.
12-06 20:13:49.463 I/MultiDex( 8530): VM with version 2.1.0 has multidex support
12-06 20:13:49.463 I/MultiDex( 8530): install
12-06 20:13:49.463 I/MultiDex( 8530): VM has multidex support, MultiDex support library is disabled.
12-06 20:13:49.467 I/GoogleHttpClient( 8445): Falling back to old SSLCertificateSocketFactory
12-06 20:13:49.470 I/GLSUser ( 8445): [ ChannelManager ] Attempting to channel bind connection HttpClient.
12-06 20:13:49.496 I/GLSUser ( 8445): [ ChannelManager ] Skip channel binding on pre-KLP devices.
12-06 20:13:49.496 I/ProviderInstaller( 8530): Insert disabled by gate 'gms:security:enable_conscrypt_in_gms_application'
12-06 20:13:49.499 D/Finsky  ( 8508): [1] FinskyApp.onCreate: Initializing network with DFE https://android.clients.google.com/fdfe/
12-06 20:13:49.502 W/Finsky  ( 8508): [1] FinskyApp.getCurrentAccount: No account configured on this device.
12-06 20:13:49.505 W/GmsApplication( 8445): Using Auth Proxy for data requests.
12-06 20:13:49.542 D/memtrack_aml( 3096): open file /proc/8422/status error No such file or directory
12-06 20:13:49.545 I/GoogleHttpClient( 8445): Falling back to old SSLCertificateSocketFactory
12-06 20:13:49.596 E/SQLiteLog( 8530): (284) automatic index on assetrefs(dataitems_id)
12-06 20:13:49.603 W/Finsky  ( 8508): [1] FinskyApp.getCurrentAccount: No account configured on this device.
12-06 20:13:49.605 W/Finsky  ( 8508): [1] FinskyApp.getCurrentAccount: No account configured on this device.
12-06 20:13:49.607 W/Finsky  ( 8508): [1] FinskyApp.getCurrentAccount: No account configured on this device.
12-06 20:13:49.613 W/Finsky  ( 8508): [1] FinskyApp.getCurrentAccount: No account configured on this device.
12-06 20:13:49.626 W/GmsApplication( 8445): Using Auth Proxy for data requests.
12-06 20:13:49.636 W/GmsApplication( 8445): Using Auth Proxy for data requests.
12-06 20:13:49.642 W/GmsApplication( 8445): Using Auth Proxy for data requests.
12-06 20:13:49.648 W/Finsky  ( 8508): [1] FinskyApp.getCurrentAccount: No account configured on this device.
12-06 20:13:49.652 W/Finsky  ( 8508): [1] FinskyApp.getCurrentAccount: No account configured on this device.
12-06 20:13:49.654 D/Finsky  ( 8508): [1] DailyHygiene.goMakeHygieneIfDirty: No need to run daily hygiene.
12-06 20:13:49.658 W/GmsApplication( 8445): Using Auth Proxy for data requests.
12-06 20:13:49.670 W/Settings( 8508): Setting download_manager_max_bytes_over_mobile has moved from android.provider.Settings.Secure to android.provider.Settings.Global.
12-06 20:13:49.677 W/Settings( 8508): Setting download_manager_recommended_max_bytes_over_mobile has moved from android.provider.Settings.Secure to android.provider.Settings.Global.
12-06 20:13:49.684 D/WifiService( 3096): New client listening to asynchronous messages
12-06 20:13:49.700 W/Finsky  ( 8508): [1] FinskyApp.getCurrentAccount: No account configured on this device.
12-06 20:13:49.703 D/AndroidRuntime( 8559): >>>>>> START com.android.internal.os.RuntimeInit uid 2000 <<<<<<
12-06 20:13:49.706 W/Finsky  ( 8508): [1] FinskyApp.getCurrentAccount: No account configured on this device.
12-06 20:13:49.706 W/Finsky  ( 8508): [1] FinskyApp.getDfeApi: No account configured on this device.
12-06 20:13:49.706 D/AndroidRuntime( 8559): CheckJNI is OFF
12-06 20:13:49.736 I/ActivityManager( 3096): Start proc 8593:android.process.media/u0a4 for content provider com.android.providers.downloads/.DownloadProvider
12-06 20:13:49.737 E/cutils-trace( 8559): Error opening trace file: Permission denied (13)
12-06 20:13:49.737 V/AlarmManager( 3096): dgt,com.android.vending set alarm type:0
12-06 20:13:49.748 W/Finsky  ( 8508): [1] FinskyApp.getCurrentAccount: No account configured on this device.
12-06 20:13:49.760 D/Utils   ( 7177): load custom Apps from file : /data/data/org.coolx.htvlauncher/tv_apps.cfg
12-06 20:13:49.760 D/Utils   ( 7177): -----mExistsApps: 0
12-06 20:13:49.760 D/Utils   ( 7177): load custom Apps from file : /data/data/org.coolx.htvlauncher/demand_apps.cfg
12-06 20:13:49.761 D/Utils   ( 7177): load string is com.swl.kclauncher;
12-06 20:13:49.761 D/Utils   ( 7177): CustomApp Size: 1 / 	[com.swl.kclauncher]
12-06 20:13:49.766 D/xx      ( 7177): 静态广播收到 安装 Appium Android Input Manager for Unicode
12-06 20:13:49.767 D/Finsky  ( 8508): [1] ExternalReferrer.access$200: Package state data is missing for io.appium.android.ime
12-06 20:13:49.775 D/Ads     ( 8508): Skipping gmscore version check
12-06 20:13:49.781 W/GooglePlayServicesUtil( 8508): Google Play services out of date.  Requires 8296000 but found 6188836
12-06 20:13:49.791 D/xx      ( 7177): 第三方应用  Appium Android Input Manager for Unicode
12-06 20:13:49.800 I/art     ( 8621): Late-enabling -Xcheck:jni
12-06 20:13:49.800 I/ActivityManager( 3096): Start proc 8621:com.swl.market/u0a33 for broadcast com.swl.market/com.htvmarket.service.InstalledReceiver
12-06 20:13:49.817 D/AndroidRuntime( 8559): Calling main entry com.android.commands.ime.Ime
12-06 20:13:49.834 D/AndroidRuntime( 8559): Shutting down VM
12-06 20:13:49.858 W/Finsky  ( 8508): [1] FinskyApp.getCurrentAccount: No account configured on this device.
12-06 20:13:49.859 W/ActivityManager( 3096): getRunningAppProcesses: caller 10033 does not hold REAL_GET_TASKS; limiting output
12-06 20:13:49.860 W/Finsky  ( 8508): [1] FinskyApp.getCurrentAccount: No account configured on this device.
12-06 20:13:49.861 D/xx      ( 8621): application onCreate
12-06 20:13:49.863 W/ActivityManager( 3096): getRunningAppProcesses: caller 10033 does not hold REAL_GET_TASKS; limiting output
12-06 20:13:49.886 E/SQLiteLog( 8593): (283) recovered 36 frames from WAL file /data/data/com.android.providers.media/databases/external.db-wal
12-06 20:13:49.907 D/xx      ( 8621): market application init
12-06 20:13:49.913 I/homer   ( 8621): 安装了 :package:io.appium.android.ime
12-06 20:13:49.919 D/GCM     ( 8465): COMPAT: Multi user not supported
12-06 20:13:49.944 I/Icing   ( 8445): updateResources: need to parse e{com.google.android.gms}
12-06 20:13:49.958 I/GoogleHttpClient( 8465): Falling back to old SSLCertificateSocketFactory
12-06 20:13:49.963 D/Finsky  ( 8508): [1] GmsCoreHelper.cleanupNlp: result=false type=4
12-06 20:13:49.975 D/Finsky  ( 8508): [1] RestoreTracker.stopServiceIfDone: Restore complete with 0 success and 0 failed.
12-06 20:13:49.981 E/GCM     ( 8465): GCM failed to read backup checkin config, checkin may have failed
12-06 20:13:49.983 W/GCM     ( 8465): GCM FAILED TO INITIALIZE - missing checkin
12-06 20:13:49.984 D/GCM     ( 8465): GcmService start Intent { act=com.google.android.gms.INITIALIZE flg=0x10 pkg=com.google.android.gms cmp=com.google.android.gms/.gcm.GcmService } com.google.android.gms.INITIALIZE
12-06 20:13:49.985 D/AuthorizationBluetoothService( 8465): Received GmsCore event: Intent { act=com.google.android.gms.INITIALIZE flg=0x10 pkg=com.google.android.gms cmp=com.google.android.gms/.auth.be.proximity.authorization.bt.AuthorizationBluetoothService$AutoStarter }.
12-06 20:13:49.990 E/AuthorizationBluetoothService( 8465): Proximity feature is not enabled.
12-06 20:13:50.000 I/Icing   ( 8445): Internal init done: storage state 0
12-06 20:13:50.000 D/GCM     ( 8465): GcmService start Intent { act=com.google.android.gms.INITIALIZE flg=0x10 pkg=com.google.android.gms cmp=com.google.android.gms/.gcm.GcmService } com.google.android.gms.INITIALIZE
12-06 20:13:50.006 D/AuthorizationBluetoothService( 8465): Received GmsCore event: Intent { act=com.google.android.gms.INITIALIZE flg=0x10 pkg=com.google.android.gms cmp=com.google.android.gms/.auth.be.proximity.authorization.bt.AuthorizationBluetoothService$AutoStarter }.
12-06 20:13:50.006 E/AuthorizationBluetoothService( 8465): Proximity feature is not enabled.
12-06 20:13:50.015 D/GCM     ( 8465): GcmService start Intent { act=com.google.android.gms.INITIALIZE flg=0x10 pkg=com.google.android.gms cmp=com.google.android.gms/.gcm.GcmService } com.google.android.gms.INITIALIZE
12-06 20:13:50.025 D/AuthorizationBluetoothService( 8465): Received GmsCore event: Intent { act=com.google.android.gms.INITIALIZE flg=0x10 pkg=com.google.android.gms cmp=com.google.android.gms/.auth.be.proximity.authorization.bt.AuthorizationBluetoothService$AutoStarter }.
12-06 20:13:50.025 E/AuthorizationBluetoothService( 8465): Proximity feature is not enabled.
12-06 20:13:50.043 I/Icing   ( 8445): Post-init done
12-06 20:13:50.043 W/ActivityThread( 8445): ClassLoader.loadClass: The class loader returned by Thread.getContextClassLoader() may fail for processes that host multiple applications. You should explicitly specify a context class loader. For example: Thread.setContextClassLoader(getClass().getClassLoader());
12-06 20:13:50.084 I/art     ( 8465): Explicit concurrent mark sweep GC freed 9271(526KB) AllocSpace objects, 2(32KB) LOS objects, 24% free, 6MB/8MB, paused 373us total 29.421ms
12-06 20:13:50.097 V/AlarmManager( 3096): dgt,com.google.android.gms set alarm type:2
12-06 20:13:50.265 D/AndroidRuntime( 8667): >>>>>> START com.android.internal.os.RuntimeInit uid 2000 <<<<<<
12-06 20:13:50.268 D/AndroidRuntime( 8667): CheckJNI is OFF
12-06 20:13:50.297 E/cutils-trace( 8667): Error opening trace file: Permission denied (13)
12-06 20:13:50.359 D/AndroidRuntime( 8667): Calling main entry com.android.commands.ime.Ime
12-06 20:13:50.379 D/AndroidRuntime( 8667): Shutting down VM
12-06 20:13:50.402 I/art     ( 8680): Late-enabling -Xcheck:jni
12-06 20:13:50.403 I/ActivityManager( 3096): Start proc 8680:io.appium.android.ime/u0a59 for service io.appium.android.ime/.UnicodeIME
12-06 20:13:50.403 V/InputMethodManagerService( 3096): Adding window token: android.os.Binder@2a2adc54
12-06 20:13:50.398 I/JDWP    ( 8690): type=1400 audit(0.0:71): avc: denied { connectto } for path=006A6477702D636F6E74726F6C scontext=u:r:untrusted_app:s0 tcontext=u:r:shell:s0 tclass=unix_stream_socket permissive=1
12-06 20:13:50.458 I/AppiumUnicodeIME( 8680): onStartInput
12-06 20:13:50.974 D/AndroidRuntime( 8701): >>>>>> START com.android.internal.os.RuntimeInit uid 2000 <<<<<<
12-06 20:13:50.977 D/AndroidRuntime( 8701): CheckJNI is OFF
12-06 20:13:51.005 E/cutils-trace( 8701): Error opening trace file: Permission denied (13)
12-06 20:13:51.067 D/AndroidRuntime( 8701): Calling main entry com.android.commands.pm.Pm
12-06 20:13:51.072 I/PackageManager( 3096): init_copy idx=0: InstallParams{6239f43 file=/data/local/tmp/settings_apk-debug.apk cid=null}
12-06 20:13:51.072 I/PackageManager( 3096): mcs_bound
12-06 20:13:51.072 I/PackageManager( 3096): startCopy UserHandle{-1}: InstallParams{6239f43 file=/data/local/tmp/settings_apk-debug.apk cid=null}
12-06 20:13:51.078 D/DefContainer( 8356): Copying /data/local/tmp/settings_apk-debug.apk to base.apk
12-06 20:13:51.082 D/PackageManager( 3096): installPackageLI: path=/data/app/vmdl1843821808.tmpjava.lang.Throwable
12-06 20:13:51.082 D/PackageManager( 3096): 	at com.android.server.pm.PackageManagerService.installPackageLI(PackageManagerService.java:10758)
12-06 20:13:51.082 D/PackageManager( 3096): 	at com.android.server.pm.PackageManagerService.access$2300(PackageManagerService.java:237)
12-06 20:13:51.082 D/PackageManager( 3096): 	at com.android.server.pm.PackageManagerService$6.run(PackageManagerService.java:8849)
12-06 20:13:51.082 D/PackageManager( 3096): 	at android.os.Handler.handleCallback(Handler.java:739)
12-06 20:13:51.082 D/PackageManager( 3096): 	at android.os.Handler.dispatchMessage(Handler.java:95)
12-06 20:13:51.082 D/PackageManager( 3096): 	at android.os.Looper.loop(Looper.java:135)
12-06 20:13:51.082 D/PackageManager( 3096): 	at android.os.HandlerThread.run(HandlerThread.java:61)
12-06 20:13:51.082 D/PackageManager( 3096): 	at com.android.server.ServiceThread.run(ServiceThread.java:46)
12-06 20:13:51.084 I/PackageParser( 3096): io.appium.settings: compat added android.permission.WRITE_EXTERNAL_STORAGE
12-06 20:13:51.093 D/PackageManager( 3096): manifestDigest was not present, but parser got: ManifestDigest {mDigest=d2,4d,d9,e2,d0,a4,33,1d,4a,61,58,aa,69,fe,22,8d,c7,d0,34,06,82,67,8d,fd,52,6b,b8,05,d2,0f,72,e0,}
12-06 20:13:51.093 D/PackageManager( 3096): Renaming /data/app/vmdl1843821808.tmp to /data/app/io.appium.settings-1
12-06 20:13:51.094 D/PackageManager( 3096): installNewPackageLI: Package{33e1384a io.appium.settings}
12-06 20:13:51.104 I/PackageManager( 3096): Linking native library dir for /data/app/io.appium.settings-1
12-06 20:13:51.104 I/PackageManager( 3096): Running dexopt on: /data/app/io.appium.settings-1/base.apk pkg=io.appium.settings isa=arm vmSafeMode=false
12-06 20:13:51.123 E/cutils-trace( 8713): Error opening trace file: Permission denied (13)
12-06 20:13:51.123 I/dex2oat ( 8713): /system/bin/dex2oat --zip-fd=6 --zip-location=/data/app/io.appium.settings-1/base.apk --oat-fd=7 --oat-location=/data/dalvik-cache/arm/data@app@io.appium.settings-1@base.apk@classes.dex --instruction-set=arm --instruction-set-features=default --runtime-arg -Xms64m --runtime-arg -Xmx512m --swap-fd=10
12-06 20:13:51.129 I/dex2oat ( 8713): Decided to run without swap.
12-06 20:13:51.159 I/dex2oat ( 8713): dex2oat took 35.817ms (threads: 4) arena alloc=152KB java alloc=18KB native alloc=1151KB free=28KB
12-06 20:13:51.189 D/PackageManager( 3096): New package installed in /data/app/io.appium.settings-1
12-06 20:13:51.189 W/PackageManager( 3096): Not granting permission android.permission.UPDATE_DEVICE_STATS to package io.appium.settings (protectionLevel=18 flags=0x8446)
12-06 20:13:51.189 W/PackageManager( 3096): Not granting permission android.permission.MODIFY_PHONE_STATE to package io.appium.settings (protectionLevel=18 flags=0x8446)
12-06 20:13:51.189 W/PackageManager( 3096): Not granting permission android.permission.WRITE_SECURE_SETTINGS to package io.appium.settings (protectionLevel=50 flags=0x8446)
12-06 20:13:51.239 V/PackageManager( 3096): + starting restore round-trip 3
12-06 20:13:51.239 V/PackageManager( 3096): token 3 to BM for possible restore
12-06 20:13:51.239 V/BackupManagerService( 3096): restoreAtInstall pkg=io.appium.settings token=3 restoreSet=0
12-06 20:13:51.239 V/BackupManagerService( 3096): Finishing install immediately
12-06 20:13:51.239 V/PackageManager( 3096): BM finishing package install for 3
12-06 20:13:51.239 V/PackageManager( 3096): Handling post-install for 3
12-06 20:13:51.240 W/Settings( 3096): Setting install_non_market_apps has moved from android.provider.Settings.Global to android.provider.Settings.Secure, returning read-only value.
12-06 20:13:51.247 I/InputReader( 3096): Reconfiguring input devices.  changes=0x00000010
12-06 20:13:51.253 D/apps    ( 7177): apps.size()=18
12-06 20:13:51.253 W/PackageManager( 7177): Failure retrieving resources for com.android.gallery3d: Resource ID #0x0
12-06 20:13:51.257 W/PackageManager( 7177): Failure retrieving resources for com.android.tv.settings: Resource ID #0x0
12-06 20:13:51.258 W/PackageManager( 7177): Failure retrieving resources for com.android.vending: Resource ID #0x0
12-06 20:13:51.260 W/PackageManager( 7177): Failure retrieving resources for com.android.browser: Resource ID #0x0
12-06 20:13:51.262 I/ConfigFetchService( 8445): PackageReceiver: Intent { act=android.intent.action.PACKAGE_ADDED dat=package:io.appium.settings flg=0x4000010 cmp=com.google.android.gms/.config.ConfigFetchService$PackageReceiver (has extras) }
12-06 20:13:51.263 W/PackageManager( 7177): Failure retrieving resources for org.coolx.htvlauncher: Resource ID #0x0
12-06 20:13:51.265 W/PackageManager( 7177): Failure retrieving resources for com.android.music: Resource ID #0x0
12-06 20:13:51.269 D/BackupManagerService( 3096): Received broadcast Intent { act=android.intent.action.PACKAGE_ADDED dat=package:io.appium.settings flg=0x4000010 (has extras) }
12-06 20:13:51.270 W/BackupManagerService( 3096): Removing schedule queue dupe of io.appium.settings
12-06 20:13:51.272 W/PackageManager( 7177): Failure retrieving resources for com.google.android.youtube.tv: Resource ID #0x0
12-06 20:13:51.275 I/ConfigService( 8465): onCreate
12-06 20:13:51.278 I/ConfigService( 8465): onBind for Intent { act=com.google.android.gms.config.UPDATE pkg=com.google.android.gms } action com.google.android.gms.config.UPDATE
12-06 20:13:51.280 W/PackageManager( 7177): Failure retrieving resources for com.swl.kclauncher: Resource ID #0x0
12-06 20:13:51.282 I/ConfigService( 8465): onBind returning update interface
12-06 20:13:51.285 I/ConfigFetchService( 8445): onStartCommand Intent { act=android.intent.action.PACKAGE_ADDED dat=package:io.appium.settings cmp=com.google.android.gms/.config.ConfigFetchService (has extras) }
12-06 20:13:51.287 I/ConfigService( 8465): onBind for Intent { act=com.google.android.gms.config.START pkg=com.google.android.gms } action com.google.android.gms.config.START
12-06 20:13:51.287 I/ConfigService( 8465): onBind returning config service
12-06 20:13:51.290 W/PackageManager( 7177): Failure retrieving resources for com.droidlogic.mediacenter: Resource ID #0x0
12-06 20:13:51.295 W/PackageManager( 7177): Failure retrieving resources for com.mbx.clearservice: Resource ID #0x0
12-06 20:13:51.296 W/PackageManager( 7177): Failure retrieving resources for com.droidlogic.FileBrower: Resource ID #0x0
12-06 20:13:51.297 W/PackageManager( 7177): Failure retrieving resources for com.swl.market: Resource ID #0x0
12-06 20:13:51.298 W/PackageManager( 7177): Failure retrieving resources for com.droidlogic.miracast: Resource ID #0x0
12-06 20:13:51.301 W/PackageManager( 7177): Failure retrieving resources for com.droidlogic.PPPoE: Resource ID #0x0
12-06 20:13:51.302 W/Searchables( 3096): No global search activity found
12-06 20:13:51.303 W/VoiceInteractionManagerService( 3096): no available voice recognition services found for user 0
12-06 20:13:51.304 W/PackageManager( 7177): Failure retrieving resources for swl.app.Upgrade: Resource ID #0x0
12-06 20:13:51.306 W/PackageManager( 7177): Failure retrieving resources for com.droidlogic.videoplayer: Resource ID #0x0
12-06 20:13:51.308 W/PackageManager( 7177): Failure retrieving resources for io.appium.settings: Resource ID #0x0
12-06 20:13:51.337 I/art     ( 3096): Explicit concurrent mark sweep GC freed 22840(1472KB) AllocSpace objects, 7(112KB) LOS objects, 33% free, 11MB/16MB, paused 1.348ms total 96.479ms
12-06 20:13:51.338 I/art     ( 3096): WaitForGcToComplete blocked for 45.789ms for cause Explicit
12-06 20:13:51.339 I/art     ( 8701): System.exit called, status: 0
12-06 20:13:51.339 I/AndroidRuntime( 8701): VM exiting with result code 0.
12-06 20:13:51.410 I/art     ( 3096): Explicit concurrent mark sweep GC freed 1445(67KB) AllocSpace objects, 0(0B) LOS objects, 33% free, 10MB/16MB, paused 1.293ms total 71.412ms
12-06 20:13:51.411 I/ConfigFetchService( 8445): launchTask
12-06 20:13:51.413 I/ConfigFetchService( 8445): service connected
12-06 20:13:51.413 I/ConfigClient( 8445): service connected
12-06 20:13:51.415 W/ConfigFetchTask( 8445): no android id
12-06 20:13:51.415 E/ConfigFetchTask( 8445): failed to build request; aborting config fetch
12-06 20:13:51.415 I/ConfigFetchService( 8445): fetch service done; releasing wakelock
12-06 20:13:51.418 I/ConfigFetchService( 8445): stopping self
12-06 20:13:51.423 V/AlarmManager( 3096): dgt,com.android.vending set alarm type:0
12-06 20:13:51.424 D/PackageBroadcastService( 8445): Received broadcast action=android.intent.action.PACKAGE_ADDED and uri=io.appium.settings
12-06 20:13:51.432 D/Utils   ( 7177): load custom Apps from file : /data/data/org.coolx.htvlauncher/final_apps.cfg
12-06 20:13:51.432 I/ConfigService( 8465): onDestroy
12-06 20:13:51.433 D/Utils   ( 7177): load string is com.swl.kclauncher;io.appium.android.ime;
12-06 20:13:51.433 D/Utils   ( 7177): CustomApp Size: 2 / 	[com.swl.kclauncher, io.appium.android.ime]
12-06 20:13:51.433 D/Utils   ( 7177): path==/data/data/org.coolx.htvlauncher/final_apps.cfg
12-06 20:13:51.434 D/Utils   ( 7177): 写入应用：com.swl.kclauncher
12-06 20:13:51.434 D/Utils   ( 7177): 写入应用：io.appium.android.ime
12-06 20:13:51.434 D/Utils   ( 7177): 写入应用：io.appium.settings
12-06 20:13:51.434 D/Utils   ( 7177): 写入应用完成
12-06 20:13:51.438 D/sven    ( 7177): 添加到炫版分类 Appium Settings
12-06 20:13:51.441 D/Utils   ( 7177): load custom Apps from file : /data/data/org.coolx.htvlauncher/final_apps.cfg
12-06 20:13:51.442 D/Utils   ( 7177): load string is com.swl.kclauncher;io.appium.android.ime;io.appium.settings;
12-06 20:13:51.442 D/Utils   ( 7177): CustomApp Size: 3 / 	[com.swl.kclauncher, io.appium.android.ime, io.appium.settings]
12-06 20:13:51.447 D/Finsky  ( 8508): [1] ExternalReferrer.access$200: Package state data is missing for io.appium.settings
12-06 20:13:51.448 I/PeopleContactsSync( 8445): CP2 sync disabled
12-06 20:13:51.450 W/PackageManager( 7177): Failure retrieving resources for com.android.gallery3d: Resource ID #0x0
12-06 20:13:51.454 W/PackageManager( 7177): Failure retrieving resources for com.android.tv.settings: Resource ID #0x0
12-06 20:13:51.457 W/PackageManager( 7177): Failure retrieving resources for com.android.vending: Resource ID #0x0
12-06 20:13:51.460 W/PackageManager( 7177): Failure retrieving resources for com.android.browser: Resource ID #0x0
12-06 20:13:51.464 W/PackageManager( 7177): Failure retrieving resources for org.coolx.htvlauncher: Resource ID #0x0
12-06 20:13:51.466 W/PackageManager( 7177): Failure retrieving resources for com.android.music: Resource ID #0x0
12-06 20:13:51.467 W/PackageManager( 7177): Failure retrieving resources for com.google.android.youtube.tv: Resource ID #0x0
12-06 20:13:51.470 W/PackageManager( 7177): Failure retrieving resources for com.swl.kclauncher: Resource ID #0x0
12-06 20:13:51.472 W/PackageManager( 7177): Failure retrieving resources for com.droidlogic.mediacenter: Resource ID #0x0
12-06 20:13:51.473 W/PackageManager( 7177): Failure retrieving resources for com.mbx.clearservice: Resource ID #0x0
12-06 20:13:51.474 W/PackageManager( 7177): Failure retrieving resources for com.droidlogic.FileBrower: Resource ID #0x0
12-06 20:13:51.474 W/PackageManager( 7177): Failure retrieving resources for com.swl.market: Resource ID #0x0
12-06 20:13:51.477 W/PackageManager( 7177): Failure retrieving resources for com.droidlogic.miracast: Resource ID #0x0
12-06 20:13:51.478 W/PackageManager( 7177): Failure retrieving resources for com.droidlogic.PPPoE: Resource ID #0x0
12-06 20:13:51.479 W/PackageManager( 7177): Failure retrieving resources for swl.app.Upgrade: Resource ID #0x0
12-06 20:13:51.481 W/PackageManager( 7177): Failure retrieving resources for com.droidlogic.videoplayer: Resource ID #0x0
12-06 20:13:51.482 W/PackageManager( 7177): Failure retrieving resources for io.appium.settings: Resource ID #0x0
12-06 20:13:51.491 I/homer   ( 8621): 安装了 :package:io.appium.settings
12-06 20:13:51.509 D/Utils   ( 7177): load custom Apps from file : /data/data/org.coolx.htvlauncher/tv_apps.cfg
12-06 20:13:51.509 D/Utils   ( 7177): -----mExistsApps: 0
12-06 20:13:51.509 D/Utils   ( 7177): load custom Apps from file : /data/data/org.coolx.htvlauncher/demand_apps.cfg
12-06 20:13:51.510 D/Utils   ( 7177): load string is com.swl.kclauncher;
12-06 20:13:51.510 D/Utils   ( 7177): CustomApp Size: 1 / 	[com.swl.kclauncher]
12-06 20:13:51.513 D/xx      ( 7177): 静态广播收到 安装 Appium Settings
12-06 20:13:51.534 D/xx      ( 7177): 第三方应用  Appium Settings
12-06 20:13:51.710 D/AndroidRuntime( 8736): >>>>>> START com.android.internal.os.RuntimeInit uid 2000 <<<<<<
12-06 20:13:51.713 D/AndroidRuntime( 8736): CheckJNI is OFF
12-06 20:13:51.741 E/cutils-trace( 8736): Error opening trace file: Permission denied (13)
12-06 20:13:51.803 D/AndroidRuntime( 8736): Calling main entry com.android.commands.pm.Pm
12-06 20:13:51.808 I/PackageManager( 3096): init_copy idx=0: InstallParams{2e3b4b5a file=/data/local/tmp/unlock_apk-debug.apk cid=null}
12-06 20:13:51.808 I/PackageManager( 3096): mcs_bound
12-06 20:13:51.808 I/PackageManager( 3096): startCopy UserHandle{-1}: InstallParams{2e3b4b5a file=/data/local/tmp/unlock_apk-debug.apk cid=null}
12-06 20:13:51.813 D/DefContainer( 8356): Copying /data/local/tmp/unlock_apk-debug.apk to base.apk
12-06 20:13:51.816 D/PackageManager( 3096): installPackageLI: path=/data/app/vmdl1760125100.tmpjava.lang.Throwable
12-06 20:13:51.816 D/PackageManager( 3096): 	at com.android.server.pm.PackageManagerService.installPackageLI(PackageManagerService.java:10758)
12-06 20:13:51.816 D/PackageManager( 3096): 	at com.android.server.pm.PackageManagerService.access$2300(PackageManagerService.java:237)
12-06 20:13:51.816 D/PackageManager( 3096): 	at com.android.server.pm.PackageManagerService$6.run(PackageManagerService.java:8849)
12-06 20:13:51.816 D/PackageManager( 3096): 	at android.os.Handler.handleCallback(Handler.java:739)
12-06 20:13:51.816 D/PackageManager( 3096): 	at android.os.Handler.dispatchMessage(Handler.java:95)
12-06 20:13:51.816 D/PackageManager( 3096): 	at android.os.Looper.loop(Looper.java:135)
12-06 20:13:51.816 D/PackageManager( 3096): 	at android.os.HandlerThread.run(HandlerThread.java:61)
12-06 20:13:51.816 D/PackageManager( 3096): 	at com.android.server.ServiceThread.run(ServiceThread.java:46)
12-06 20:13:51.818 I/PackageParser( 3096): io.appium.unlock: compat added android.permission.WRITE_EXTERNAL_STORAGE android.permission.READ_PHONE_STATE
12-06 20:13:51.827 D/PackageManager( 3096): manifestDigest was not present, but parser got: ManifestDigest {mDigest=2a,89,67,37,30,8c,50,77,41,b5,34,4c,b5,69,57,23,f6,ff,a5,a2,68,f0,eb,e8,fb,46,45,ad,5a,56,86,c6,}
12-06 20:13:51.827 D/PackageManager( 3096): Renaming /data/app/vmdl1760125100.tmp to /data/app/io.appium.unlock-1
12-06 20:13:51.828 D/PackageManager( 3096): installNewPackageLI: Package{36e609bd io.appium.unlock}
12-06 20:13:51.843 I/PackageManager( 3096): Linking native library dir for /data/app/io.appium.unlock-1
12-06 20:13:51.843 I/PackageManager( 3096): Running dexopt on: /data/app/io.appium.unlock-1/base.apk pkg=io.appium.unlock isa=arm vmSafeMode=false
12-06 20:13:51.861 E/cutils-trace( 8749): Error opening trace file: Permission denied (13)
12-06 20:13:51.861 I/dex2oat ( 8749): /system/bin/dex2oat --zip-fd=6 --zip-location=/data/app/io.appium.unlock-1/base.apk --oat-fd=7 --oat-location=/data/dalvik-cache/arm/data@app@io.appium.unlock-1@base.apk@classes.dex --instruction-set=arm --instruction-set-features=default --runtime-arg -Xms64m --runtime-arg -Xmx512m --swap-fd=10
12-06 20:13:51.867 I/dex2oat ( 8749): Decided to run without swap.
12-06 20:13:51.879 I/dex2oat ( 8749): dex2oat took 17.192ms (threads: 4) arena alloc=49KB java alloc=15KB native alloc=612KB free=23KB
12-06 20:13:51.919 D/PackageManager( 3096): New package installed in /data/app/io.appium.unlock-1
12-06 20:13:51.969 V/PackageManager( 3096): + starting restore round-trip 4
12-06 20:13:51.969 V/PackageManager( 3096): token 4 to BM for possible restore
12-06 20:13:51.969 V/BackupManagerService( 3096): restoreAtInstall pkg=io.appium.unlock token=4 restoreSet=0
12-06 20:13:51.969 V/BackupManagerService( 3096): Finishing install immediately
12-06 20:13:51.969 V/PackageManager( 3096): BM finishing package install for 4
12-06 20:13:51.969 V/PackageManager( 3096): Handling post-install for 4
12-06 20:13:51.971 W/Settings( 3096): Setting install_non_market_apps has moved from android.provider.Settings.Global to android.provider.Settings.Secure, returning read-only value.
12-06 20:13:51.976 I/InputReader( 3096): Reconfiguring input devices.  changes=0x00000010
12-06 20:13:51.984 D/apps    ( 7177): apps.size()=19
12-06 20:13:51.984 W/PackageManager( 7177): Failure retrieving resources for com.android.gallery3d: Resource ID #0x0
