12-06 20:13:51.989 W/PackageManager( 7177): Failure retrieving resources for com.android.tv.settings: Resource ID #0x0
12-06 20:13:51.990 D/BackupManagerService( 3096): Received broadcast Intent { act=android.intent.action.PACKAGE_ADDED dat=package:io.appium.unlock flg=0x4000010 (has extras) }
12-06 20:13:51.990 W/BackupManagerService( 3096): Removing schedule queue dupe of io.appium.unlock
12-06 20:13:51.991 W/PackageManager( 7177): Failure retrieving resources for com.android.vending: Resource ID #0x0
12-06 20:13:51.992 I/ConfigFetchService( 8445): PackageReceiver: Intent { act=android.intent.action.PACKAGE_ADDED dat=package:io.appium.unlock flg=0x4000010 cmp=com.google.android.gms/.config.ConfigFetchService$PackageReceiver (has extras) }
12-06 20:13:51.999 W/PackageManager( 7177): Failure retrieving resources for com.android.browser: Resource ID #0x0
12-06 20:13:52.003 I/ConfigService( 8465): onCreate
12-06 20:13:52.003 W/PackageManager( 7177): Failure retrieving resources for org.coolx.htvlauncher: Resource ID #0x0
12-06 20:13:52.003 I/ConfigService( 8465): onBind for Intent { act=com.google.android.gms.config.UPDATE pkg=com.google.android.gms } action com.google.android.gms.config.UPDATE
12-06 20:13:52.004 W/PackageManager( 7177): Failure retrieving resources for com.android.music: Resource ID #0x0
12-06 20:13:52.007 I/ConfigFetchService( 8445): onStartCommand Intent { act=android.intent.action.PACKAGE_ADDED dat=package:io.appium.unlock cmp=com.google.android.gms/.config.ConfigFetchService (has extras) }
12-06 20:13:52.011 I/ConfigService( 8465): onBind returning update interface
12-06 20:13:52.012 I/ConfigFetchService( 8445): launchTask
12-06 20:13:52.012 I/ConfigService( 8465): onBind for Intent { act=com.google.android.gms.config.START pkg=com.google.android.gms } action com.google.android.gms.config.START
12-06 20:13:52.012 I/ConfigService( 8465): onBind returning config service
12-06 20:13:52.013 W/PackageManager( 7177): Failure retrieving resources for com.google.android.youtube.tv: Resource ID #0x0
12-06 20:13:52.014 W/ConfigFetchTask( 8445): no android id
12-06 20:13:52.014 E/ConfigFetchTask( 8445): failed to build request; aborting config fetch
12-06 20:13:52.014 W/PackageManager( 7177): Failure retrieving resources for com.swl.kclauncher: Resource ID #0x0
12-06 20:13:52.015 W/PackageManager( 7177): Failure retrieving resources for com.droidlogic.mediacenter: Resource ID #0x0
12-06 20:13:52.016 W/PackageManager( 7177): Failure retrieving resources for com.mbx.clearservice: Resource ID #0x0
12-06 20:13:52.017 W/PackageManager( 7177): Failure retrieving resources for com.droidlogic.FileBrower: Resource ID #0x0
12-06 20:13:52.017 W/PackageManager( 7177): Failure retrieving resources for com.swl.market: Resource ID #0x0
12-06 20:13:52.018 W/PackageManager( 7177): Failure retrieving resources for com.droidlogic.miracast: Resource ID #0x0
12-06 20:13:52.019 W/PackageManager( 7177): Failure retrieving resources for com.droidlogic.PPPoE: Resource ID #0x0
12-06 20:13:52.021 W/PackageManager( 7177): Failure retrieving resources for swl.app.Upgrade: Resource ID #0x0
12-06 20:13:52.024 W/Searchables( 3096): No global search activity found
12-06 20:13:52.025 I/ConfigFetchService( 8445): service connected
12-06 20:13:52.025 I/ConfigClient( 8445): service connected
12-06 20:13:52.025 W/VoiceInteractionManagerService( 3096): no available voice recognition services found for user 0
12-06 20:13:52.025 I/ConfigFetchService( 8445): fetch service done; releasing wakelock
12-06 20:13:52.025 W/PackageManager( 7177): Failure retrieving resources for com.droidlogic.videoplayer: Resource ID #0x0
12-06 20:13:52.025 I/ConfigFetchService( 8445): stopping self
12-06 20:13:52.030 W/PackageManager( 7177): Failure retrieving resources for io.appium.settings: Resource ID #0x0
12-06 20:13:52.036 W/PackageManager( 7177): Failure retrieving resources for io.appium.unlock: Resource ID #0x0
12-06 20:13:52.039 I/ConfigService( 8465): onDestroy
12-06 20:13:52.040 V/AlarmManager( 3096): dgt,com.android.vending set alarm type:0
12-06 20:13:52.043 D/PackageBroadcastService( 8445): Received broadcast action=android.intent.action.PACKAGE_ADDED and uri=io.appium.unlock
12-06 20:13:52.053 D/Finsky  ( 8508): [1] ExternalReferrer.access$200: Package state data is missing for io.appium.unlock
12-06 20:13:52.062 I/PeopleContactsSync( 8445): CP2 sync disabled
12-06 20:13:52.069 D/Utils   ( 7177): load custom Apps from file : /data/data/org.coolx.htvlauncher/tv_apps.cfg
12-06 20:13:52.069 D/Utils   ( 7177): -----mExistsApps: 0
12-06 20:13:52.069 D/Utils   ( 7177): load custom Apps from file : /data/data/org.coolx.htvlauncher/demand_apps.cfg
12-06 20:13:52.069 D/Utils   ( 7177): load string is com.swl.kclauncher;
12-06 20:13:52.069 D/Utils   ( 7177): CustomApp Size: 1 / 	[com.swl.kclauncher]
12-06 20:13:52.070 I/homer   ( 8621): 安装了 :package:io.appium.unlock
12-06 20:13:52.074 D/xx      ( 7177): 静态广播收到 安装 Unlock
12-06 20:13:52.085 I/art     ( 3096): Explicit concurrent mark sweep GC freed 13051(1001KB) AllocSpace objects, 7(112KB) LOS objects, 33% free, 11MB/16MB, paused 1.145ms total 113.833ms
12-06 20:13:52.086 D/Utils   ( 7177): load custom Apps from file : /data/data/org.coolx.htvlauncher/final_apps.cfg
12-06 20:13:52.087 D/Utils   ( 7177): load string is com.swl.kclauncher;io.appium.android.ime;io.appium.settings;
12-06 20:13:52.087 D/Utils   ( 7177): CustomApp Size: 3 / 	[com.swl.kclauncher, io.appium.android.ime, io.appium.settings]
12-06 20:13:52.087 I/art     ( 8736): System.exit called, status: 0
12-06 20:13:52.087 D/Utils   ( 7177): path==/data/data/org.coolx.htvlauncher/final_apps.cfg
12-06 20:13:52.087 I/AndroidRuntime( 8736): VM exiting with result code 0.
12-06 20:13:52.087 D/Utils   ( 7177): 写入应用：com.swl.kclauncher
12-06 20:13:52.087 D/Utils   ( 7177): 写入应用：io.appium.android.ime
12-06 20:13:52.087 D/Utils   ( 7177): 写入应用：io.appium.settings
12-06 20:13:52.088 D/Utils   ( 7177): 写入应用：io.appium.unlock
12-06 20:13:52.088 D/Utils   ( 7177): 写入应用完成
12-06 20:13:52.090 D/sven    ( 7177): 添加到炫版分类 Unlock
12-06 20:13:52.091 D/Utils   ( 7177): load custom Apps from file : /data/data/org.coolx.htvlauncher/final_apps.cfg
12-06 20:13:52.091 D/Utils   ( 7177): load string is com.swl.kclauncher;io.appium.android.ime;io.appium.settings;io.appium.unlock;
12-06 20:13:52.091 D/xx      ( 7177): 第三方应用  Unlock
12-06 20:13:52.091 D/Utils   ( 7177): CustomApp Size: 4 / 	[com.swl.kclauncher, io.appium.android.ime, io.appium.settings, io.appium.unlock]
12-06 20:13:52.099 W/PackageManager( 7177): Failure retrieving resources for com.android.gallery3d: Resource ID #0x0
12-06 20:13:52.100 W/PackageManager( 7177): Failure retrieving resources for com.android.tv.settings: Resource ID #0x0
12-06 20:13:52.100 W/PackageManager( 7177): Failure retrieving resources for com.android.vending: Resource ID #0x0
12-06 20:13:52.101 W/PackageManager( 7177): Failure retrieving resources for com.android.browser: Resource ID #0x0
12-06 20:13:52.102 W/PackageManager( 7177): Failure retrieving resources for org.coolx.htvlauncher: Resource ID #0x0
12-06 20:13:52.102 W/PackageManager( 7177): Failure retrieving resources for com.android.music: Resource ID #0x0
12-06 20:13:52.103 W/PackageManager( 7177): Failure retrieving resources for com.google.android.youtube.tv: Resource ID #0x0
12-06 20:13:52.104 W/PackageManager( 7177): Failure retrieving resources for com.swl.kclauncher: Resource ID #0x0
12-06 20:13:52.104 W/PackageManager( 7177): Failure retrieving resources for com.droidlogic.mediacenter: Resource ID #0x0
12-06 20:13:52.109 W/PackageManager( 7177): Failure retrieving resources for com.mbx.clearservice: Resource ID #0x0
12-06 20:13:52.109 W/PackageManager( 7177): Failure retrieving resources for com.droidlogic.FileBrower: Resource ID #0x0
12-06 20:13:52.111 W/PackageManager( 7177): Failure retrieving resources for com.swl.market: Resource ID #0x0
12-06 20:13:52.111 W/PackageManager( 7177): Failure retrieving resources for com.droidlogic.miracast: Resource ID #0x0
12-06 20:13:52.112 W/PackageManager( 7177): Failure retrieving resources for com.droidlogic.PPPoE: Resource ID #0x0
12-06 20:13:52.113 W/PackageManager( 7177): Failure retrieving resources for swl.app.Upgrade: Resource ID #0x0
12-06 20:13:52.113 W/PackageManager( 7177): Failure retrieving resources for com.droidlogic.videoplayer: Resource ID #0x0
12-06 20:13:52.115 W/PackageManager( 7177): Failure retrieving resources for io.appium.settings: Resource ID #0x0
12-06 20:13:52.115 W/PackageManager( 7177): Failure retrieving resources for io.appium.unlock: Resource ID #0x0
12-06 20:13:52.406 D/AndroidRuntime( 8772): >>>>>> START com.android.internal.os.RuntimeInit uid 2000 <<<<<<
12-06 20:13:52.408 D/AndroidRuntime( 8772): CheckJNI is OFF
12-06 20:13:52.556 E/cutils-trace( 8772): Error opening trace file: Permission denied (13)
12-06 20:13:52.636 D/AndroidRuntime( 8772): Calling main entry com.android.commands.uiautomator.Launcher
12-06 20:13:52.638 I/adbd    ( 5638): type=1400 audit(0.0:72): avc: denied { read write } for name="ep0" dev="functionfs" ino=14506 scontext=u:r:shell:s0 tcontext=u:object_r:functionfs:s0 tclass=file permissive=1
12-06 20:13:52.638 I/adbd    ( 5638): type=1400 audit(0.0:73): avc: denied { open } for path="/dev/usb-ffs/adb/ep0" dev="functionfs" ino=14506 scontext=u:r:shell:s0 tcontext=u:object_r:functionfs:s0 tclass=file permissive=1
12-06 20:13:52.830 I/UiWatchers( 8772): Registed GUI Exception watchers
12-06 20:13:53.371 D/AndroidRuntime( 8792): >>>>>> START com.android.internal.os.RuntimeInit uid 2000 <<<<<<
12-06 20:13:53.374 D/AndroidRuntime( 8792): CheckJNI is OFF
12-06 20:13:53.413 E/cutils-trace( 8792): Error opening trace file: Permission denied (13)
12-06 20:13:53.480 D/AndroidRuntime( 8792): Calling main entry com.android.commands.am.Am
12-06 20:13:53.489 I/ActivityManager( 3096): Force stopping com.swl.kclauncher appid=10058 user=0: from pid 8792
12-06 20:13:53.741 I/ActivityManager( 3096): START u0 {act=android.intent.action.MAIN cat=[android.intent.category.LAUNCHER] flg=0x10200000 cmp=com.swl.kclauncher/.ui.WelcomeActivity} from uid 2000 on display 0
12-06 20:13:53.745 V/WindowManager( 3096): addAppToken: AppWindowToken{25d8614b token=Token{1558e21a ActivityRecord{10e0b8c5 u0 com.swl.kclauncher/.ui.WelcomeActivity t10}}} to stack=0 task=10 at 0
12-06 20:13:53.747 D/AndroidRuntime( 8792): Shutting down VM
12-06 20:13:53.750 V/WindowManager( 3096): Adding window Window{36c1ddd4 u0 Starting com.swl.kclauncher} at 2 of 3 (after Window{3bfe363b u0 org.coolx.htvlauncher/org.coolx.htvlauncherframework.FinalyActivity})
12-06 20:13:53.777 I/art     ( 8805): Late-enabling -Xcheck:jni
12-06 20:13:53.778 I/ActivityManager( 3096): Start proc 8805:com.swl.kclauncher/u0a58 for activity com.swl.kclauncher/.ui.WelcomeActivity
12-06 20:13:53.794 I/art     ( 2781): Explicit concurrent mark sweep GC freed 711(30KB) AllocSpace objects, 0(0B) LOS objects, 39% free, 4MB/6MB, paused 364us total 16.330ms
12-06 20:13:53.788 I/JDWP    ( 8815): type=1400 audit(0.0:74): avc: denied { connectto } for path=006A6477702D636F6E74726F6C scontext=u:r:platform_app:s0 tcontext=u:r:shell:s0 tclass=unix_stream_socket permissive=1
12-06 20:13:53.824 I/art     ( 2781): Explicit concurrent mark sweep GC freed 7(240B) AllocSpace objects, 0(0B) LOS objects, 39% free, 4MB/6MB, paused 364us total 17.541ms
12-06 20:13:53.834 I/MultiDex( 8805): VM with version 2.1.0 has multidex support
12-06 20:13:53.834 I/MultiDex( 8805): install
12-06 20:13:53.834 I/MultiDex( 8805): VM has multidex support, MultiDex support library is disabled.
12-06 20:13:53.841 I/art     ( 2781): Explicit concurrent mark sweep GC freed 5(160B) AllocSpace objects, 0(0B) LOS objects, 39% free, 4MB/6MB, paused 325us total 16.658ms
12-06 20:13:53.872 W/ImageLoader( 8805): diskCache(), diskCacheSize() and diskCacheFileCount calls overlap each other
12-06 20:13:53.873 W/ImageLoader( 8805): diskCache() and diskCacheFileNameGenerator() calls overlap each other
12-06 20:13:53.883 D/WifiService( 3096): New client listening to asynchronous messages
12-06 20:13:53.901 I/HelloWorld( 2758): [virtual android::status_t SwBinderServer::onTransact(uint32_t, const android::Parcel&, android::Parcel*, uint32_t)] [111] 
12-06 20:13:53.888 I/.swl.kclauncher( 8805): type=1400 audit(0.0:75): avc: denied { call } for scontext=u:r:platform_app:s0 tcontext=u:r:init:s0 tclass=binder permissive=1
12-06 20:13:53.905 V/adversystem( 8805): get adversinfo ---!
12-06 20:13:54.064 I/HelloWorld( 2758): [virtual android::status_t SwBinderServer::onTransact(uint32_t, const android::Parcel&, android::Parcel*, uint32_t)] [111] 
12-06 20:13:54.064 I/HelloWorld( 2758): [virtual android::status_t SwBinderServer::onTransact(uint32_t, const android::Parcel&, android::Parcel*, uint32_t)] [133]: Accept command is GET_SN  
12-06 20:13:54.065 I/HelloWorld( 2758): [virtual android::status_t SwBinderServer::onTransact(uint32_t, const android::Parcel&, android::Parcel*, uint32_t)] [111] 
12-06 20:13:54.065 I/HelloWorld( 2758): [virtual android::status_t SwBinderServer::onTransact(uint32_t, const android::Parcel&, android::Parcel*, uint32_t)] [296]: Accept command is  TRANSACT_GET_SYSTEM_VERSION  
12-06 20:13:54.065 I/HelloWorld( 2758): [virtual android::status_t SwBinderServer::onTransact(uint32_t, const android::Parcel&, android::Parcel*, uint32_t)] [111] 
12-06 20:13:54.065 I/HelloWorld( 2758): [virtual android::status_t SwBinderServer::onTransact(uint32_t, const android::Parcel&, android::Parcel*, uint32_t)] [233]: Accept command is TRANSACT_GET_CUSTOMER_NAME  
12-06 20:13:54.082 I/HelloWorld( 2758): [virtual android::status_t SwBinderServer::onTransact(uint32_t, const android::Parcel&, android::Parcel*, uint32_t)] [111] 
12-06 20:13:54.082 I/HelloWorld( 2758): [virtual android::status_t SwBinderServer::onTransact(uint32_t, const android::Parcel&, android::Parcel*, uint32_t)] [133]: Accept command is GET_SN  
12-06 20:13:54.088 I/HelloWorld( 2758): [virtual android::status_t SwBinderServer::onTransact(uint32_t, const android::Parcel&, android::Parcel*, uint32_t)] [111] 
12-06 20:13:54.089 I/HelloWorld( 2758): [virtual android::status_t SwBinderServer::onTransact(uint32_t, const android::Parcel&, android::Parcel*, uint32_t)] [133]: Accept command is GET_SN  
12-06 20:13:54.096 I/HelloWorld( 2758): [virtual android::status_t SwBinderServer::onTransact(uint32_t, const android::Parcel&, android::Parcel*, uint32_t)] [111] 
12-06 20:13:54.096 I/HelloWorld( 2758): [virtual android::status_t SwBinderServer::onTransact(uint32_t, const android::Parcel&, android::Parcel*, uint32_t)] [133]: Accept command is GET_SN  
12-06 20:13:54.109 W/System.err( 8805): java.net.ConnectException: failed to connect to hy.avrtb.com/198.255.66.234 (port 8081) after 5000ms: isConnected failed: ECONNREFUSED (Connection refused)
12-06 20:13:54.109 W/System.err( 8805): 	at libcore.io.IoBridge.isConnected(IoBridge.java:238)
12-06 20:13:54.109 W/System.err( 8805): 	at libcore.io.IoBridge.connectErrno(IoBridge.java:171)
12-06 20:13:54.109 W/System.err( 8805): 	at libcore.io.IoBridge.connect(IoBridge.java:122)
12-06 20:13:54.109 W/System.err( 8805): 	at java.net.PlainSocketImpl.connect(PlainSocketImpl.java:183)
12-06 20:13:54.109 W/System.err( 8805): 	at java.net.PlainSocketImpl.connect(PlainSocketImpl.java:456)
12-06 20:13:54.109 W/System.err( 8805): 	at java.net.Socket.connect(Socket.java:882)
12-06 20:13:54.110 W/System.err( 8805): 	at com.android.okhttp.internal.Platform.connectSocket(Platform.java:174)
12-06 20:13:54.110 W/System.err( 8805): 	at com.android.okhttp.Connection.connect(Connection.java:152)
12-06 20:13:54.110 W/System.err( 8805): 	at com.android.okhttp.internal.http.HttpEngine.connect(HttpEngine.java:276)
12-06 20:13:54.110 W/System.err( 8805): 	at com.android.okhttp.internal.http.HttpEngine.sendRequest(HttpEngine.java:211)
12-06 20:13:54.110 W/System.err( 8805): 	at com.android.okhttp.internal.http.HttpURLConnectionImpl.execute(HttpURLConnectionImpl.java:382)
12-06 20:13:54.110 W/System.err( 8805): 	at com.android.okhttp.internal.http.HttpURLConnectionImpl.connect(HttpURLConnectionImpl.java:106)
12-06 20:13:54.110 W/System.err( 8805): 	at com.android.okhttp.internal.http.HttpURLConnectionImpl.getOutputStream(HttpURLConnectionImpl.java:217)
12-06 20:13:54.111 W/System.err( 8805): 	at org.coolx.utils.HttpUtils.doPost(HttpUtils.java:221)
12-06 20:13:54.111 W/System.err( 8805): 	at org.coox.advertisement.Advertisement.getAdvertConfgInfo(Advertisement.java:155)
12-06 20:13:54.111 W/System.err( 8805): 	at org.coox.advertisement.Advertisement.access$200(Advertisement.java:43)
12-06 20:13:54.111 W/System.err( 8805): 	at org.coox.advertisement.Advertisement$1.run(Advertisement.java:127)
12-06 20:13:54.111 W/System.err( 8805): 	at java.util.Timer$TimerImpl.run(Timer.java:284)
12-06 20:13:54.113 W/System.err( 8805): Caused by: android.system.ErrnoException: isConnected failed: ECONNREFUSED (Connection refused)
12-06 20:13:54.113 W/System.err( 8805): 	at libcore.io.IoBridge.isConnected(IoBridge.java:223)
12-06 20:13:54.113 W/System.err( 8805): 	... 17 more
12-06 20:13:54.114 V/adversystem( 8805): post adversevent info !
12-06 20:13:54.115 W/linker  ( 8805): libkbmodulejni.so has text relocations. This is wasting memory and prevents security hardening. Please fix.
12-06 20:13:54.116 V/adversystem( 8805): No adverEvent info post server !
12-06 20:13:54.117 I/KbServer( 8805): [1481094834:117721 JNI_OnLoad::1314]v1.3.10-K
12-06 20:13:54.144 I/HelloWorld( 2758): [virtual android::status_t SwBinderServer::onTransact(uint32_t, const android::Parcel&, android::Parcel*, uint32_t)] [111] 
12-06 20:13:54.144 I/HelloWorld( 2758): [virtual android::status_t SwBinderServer::onTransact(uint32_t, const android::Parcel&, android::Parcel*, uint32_t)] [133]: Accept command is GET_SN  
12-06 20:13:54.155 D/OpenGLRenderer( 8805): Use EGL_SWAP_BEHAVIOR_PRESERVED: true
12-06 20:13:54.159 D/Atlas   ( 8805): Validating map...
12-06 20:13:54.184 V/WindowManager( 3096): Adding window Window{2b1eb496 u0 com.swl.kclauncher/com.swl.kclauncher.ui.WelcomeActivity} at 2 of 4 (before Window{36c1ddd4 u0 Starting com.swl.kclauncher})
12-06 20:13:54.223 I/OpenGLRenderer( 8805): Initialized EGL, version 1.4
12-06 20:13:54.224 D/OpenGLRenderer( 8805): Enabling debug mode 0
12-06 20:13:54.236 I/AppiumUnicodeIME( 8680): onFinishInput
12-06 20:13:54.236 I/AppiumUnicodeIME( 8680): onStartInput
12-06 20:13:54.251 I/ActivityManager( 3096): Displayed com.swl.kclauncher/.ui.WelcomeActivity: +500ms
12-06 20:13:55.148 I/ActivityManager( 3096): START u0 {cmp=com.swl.kclauncher/com.swl.launcher.ui.LanguageActivity} from uid 10058 on display 0
12-06 20:13:55.150 V/WindowManager( 3096): addAppToken: AppWindowToken{3fe18be9 token=Token{3543bc70 ActivityRecord{3b1bceb3 u0 com.swl.kclauncher/com.swl.launcher.ui.LanguageActivity t10}}} to stack=0 task=10 at 1
12-06 20:13:55.181 E/KBPortalProxy( 8805): 缓存不存在
12-06 20:13:55.181 I/KbServer( 8805): [1481094835:181784 com_kb_kbmodule_kbjnic_nativeregisterauth::452]v1.3.10-K
12-06 20:13:55.183 I/HelloWorld( 2758): [virtual android::status_t SwBinderServer::onTransact(uint32_t, const android::Parcel&, android::Parcel*, uint32_t)] [111] 
12-06 20:13:55.183 I/HelloWorld( 2758): [virtual android::status_t SwBinderServer::onTransact(uint32_t, const android::Parcel&, android::Parcel*, uint32_t)] [133]: Accept command is GET_SN  
12-06 20:13:55.183 I/KbJniC  ( 8805): [AAA_Authentication::149]Libversion:v1.3.10-K
12-06 20:13:55.271 V/WindowManager( 3096): Adding window Window{10faa30f u0 com.swl.kclauncher/com.swl.launcher.ui.LanguageActivity} at 3 of 4 (after Window{2b1eb496 u0 com.swl.kclauncher/com.swl.kclauncher.ui.WelcomeActivity})
12-06 20:13:55.465 I/AppiumUnicodeIME( 8680): onFinishInput
12-06 20:13:55.466 I/AppiumUnicodeIME( 8680): onStartInput
12-06 20:13:55.479 I/ActivityManager( 3096): Displayed com.swl.kclauncher/com.swl.launcher.ui.LanguageActivity: +326ms
12-06 20:13:55.704 E/KBPortalImple( 8805): 注册3a用时==523
12-06 20:13:55.821 E/KBPortalProxy( 8805): 主默认地址注册  true
12-06 20:13:55.821 E/UserAuthHelper( 8805): 3A注册执行完成
12-06 20:13:55.821 D/UserAuthHelper( 8805): 注册成功，开始获取节目单:
12-06 20:13:57.494 D/LauncherCategoryDataManger( 8805): 分类请求成功
12-06 20:13:59.148 I/AppiumUnicodeIME( 8680): onKeyDown (keyCode='23', event.keyCode='23', metaState='0')
12-06 20:13:59.316 I/AppiumUnicodeIME( 8680): onKeyUp (keyCode='23', event.keyCode='23', metaState='0')
12-06 20:14:00.380 I/AppiumUnicodeIME( 8680): onKeyDown (keyCode='20', event.keyCode='20', metaState='0')
12-06 20:14:00.734 I/AppiumUnicodeIME( 8680): onKeyUp (keyCode='20', event.keyCode='20', metaState='0')
12-06 20:14:00.821 I/AppiumUnicodeIME( 8680): onKeyDown (keyCode='19', event.keyCode='19', metaState='0')
12-06 20:14:00.996 I/AppiumUnicodeIME( 8680): onKeyUp (keyCode='19', event.keyCode='19', metaState='0')
12-06 20:14:01.127 I/AppiumUnicodeIME( 8680): onKeyDown (keyCode='23', event.keyCode='23', metaState='0')
12-06 20:14:01.296 I/AppiumUnicodeIME( 8680): onKeyUp (keyCode='23', event.keyCode='23', metaState='0')
12-06 20:14:01.848 I/PackageManager( 3096): mcs_unbind
12-06 20:14:01.848 I/PackageManager( 3096): calling disconnectService()
12-06 20:14:04.925 I/ActivityManager( 3096): Waited long enough for: ServiceRecord{1ba6b0de u0 com.google.android.gms/.gcm.GcmService}
12-06 20:14:06.239 D/ActivityManager( 3096): Storing locale zh-CN for decryption UI
12-06 20:14:06.242 I/ActivityManager( 3096): Config changes=2004 {1.3 ?mcc?mnc zh_CN ldltr sw720dp w1280dp h694dp 240dpi xlrg long land television -touch -keyb/v/h dpad/v s.8}
12-06 20:14:06.328 I/ActivityManager( 3096): START u0 {cmp=com.swl.kclauncher/com.swl.launcher.ui.TimeZoneActivity} from uid 10058 on display 0
12-06 20:14:06.333 V/WindowManager( 3096): addAppToken: AppWindowToken{1948d634 token=Token{3669e507 ActivityRecord{2d8b6f46 u0 com.swl.kclauncher/com.swl.launcher.ui.TimeZoneActivity t10}}} to stack=0 task=10 at 1
12-06 20:14:06.398 D/Finsky  ( 8508): [1] ClearCacheReceiver.onReceive: Received android.intent.action.LOCALE_CHANGED. Clearing cache and exiting.
12-06 20:14:06.465 I/ActivityManager( 3096): Start proc 8879:com.android.deskclock/u0a24 for broadcast com.android.deskclock/.AlarmInitReceiver
12-06 20:14:06.473 V/WindowManager( 3096): Adding window Window{28e83464 u0 com.swl.kclauncher/com.swl.launcher.ui.LanguageActivity} at 2 of 3 (after Window{3bfe363b u0 org.coolx.htvlauncher/org.coolx.htvlauncherframework.FinalyActivity})
12-06 20:14:06.477 I/WindowManager( 3096): Screen frozen for +227ms due to AppWindowToken{3fe18be9 token=Token{3543bc70 ActivityRecord{3b1bceb3 u0 com.swl.kclauncher/com.swl.launcher.ui.LanguageActivity t10}}}
12-06 20:14:06.491 D/Volley  ( 8508): [760] DiskBasedCache.clear: Cache cleared.
12-06 20:14:06.600 I/ActivityManager( 3096): Start proc 8898:com.android.inputmethod.latin/u0a34 for broadcast com.android.inputmethod.latin/.SystemBroadcastReceiver
12-06 20:14:06.641 D/Volley  ( 8508): [753] DiskBasedCache.clear: Cache cleared.
12-06 20:14:06.642 I/art     ( 8508): System.exit called, status: 0
12-06 20:14:06.642 I/AndroidRuntime( 8508): VM exiting with result code 0, cleanup skipped.
12-06 20:14:06.660 I/SystemBroadcastReceiver( 8898): System locale changed
12-06 20:14:06.669 I/SystemBroadcastReceiver( 8898): Killing my process: pid=8898
12-06 20:14:06.669 I/Process ( 8898): Sending signal. PID: 8898 SIG: 9
12-06 20:14:06.689 I/AppiumUnicodeIME( 8680): onStartInput
12-06 20:14:06.728 I/PeopleDatabaseHelper( 8445): Updating DB locale: en_US -> zh_CN
12-06 20:14:06.738 I/ContactLocale( 8380): AddressBook Labels [zh-CN]: [, A, B, C, D, E, F, G, H, I, J, K, L, M, N, O, P, Q, R, S, T, U, V, W, X, Y, Z, Α, Β, Γ, Δ, Ε, Ζ, Η, Θ, Ι, Κ, Λ, Μ, Ν, Ξ, Ο, Π, Ρ, Σ, Τ, Υ, Φ, Χ, Ψ, Ω, , А, Б, В, Г, Д, Ђ, Е, Є, Ж, З, И, І, Ї, Й, Ј, К, Л, Љ, М, Н, Њ, О, П, Р, С, Т, Ћ, У, Ф, Х, Ц, Ч, Џ, Ш, Щ, Ю, Я, , א, ב, ג, ד, ה, ו, ז, ח, ט, י, כ, ל, מ, נ, ס, ע, פ, צ, ק, ר, ש, ת, , ا, ب, ت, ث, ج, ح, خ, د, ذ, ر, ز, س, ش, ص, ض, ط, ظ, ع, غ, ف, ق, ك, ل, م, ن, ه, و, ي, , ก, ข, ฃ, ค, ฅ, ฆ, ง, จ, ฉ, ช, ซ, ฌ, ญ, ฎ, ฏ, ฐ, ฑ, ฒ, ณ, ด, ต, ถ, ท, ธ, น, บ, ป, ผ, ฝ, พ, ฟ, ภ, ม, ย, ร, ฤ, ล, ฦ, ว, ศ, ษ, ส, ห, ฬ, อ, ฮ, , ㄱ, ㄴ, ㄷ, ㄹ, ㅁ, ㅂ, ㅅ, ㅇ, ㅈ, ㅊ, ㅋ, ㅌ, ㅍ, ㅎ, , あ, か, さ, た, な, は, ま, や, ら, わ, #, ]
12-06 20:14:06.754 V/WindowManager( 3096): Adding window Window{1a9f32c9 u0 com.swl.kclauncher/com.swl.launcher.ui.TimeZoneActivity} at 3 of 4 (after Window{28e83464 u0 com.swl.kclauncher/com.swl.launcher.ui.LanguageActivity})
12-06 20:14:06.759 I/ActivityManager( 3096): Process com.android.inputmethod.latin (pid 8898) has died
12-06 20:14:06.763 I/ActivityManager( 3096): Process com.android.vending (pid 8508) has died
12-06 20:14:06.797 I/ActivityManager( 3096): Start proc 8916:com.google.android.youtube.tv/u0a52 for broadcast com.google.android.youtube.tv/com.google.android.apps.youtube.tv.fork.system.LocaleUpdatedReceiver
12-06 20:14:06.839 I/ContactsProvider( 8380): Locale has changed from en-US;zh-CN to zh-CN
12-06 20:14:06.855 I/ActivityManager( 3096): Displayed com.swl.kclauncher/com.swl.launcher.ui.TimeZoneActivity: +375ms
12-06 20:14:06.857 E/QueryController( 8772): Got null root node from accessibility - Retrying...
12-06 20:14:06.858 I/AppiumUnicodeIME( 8680): onFinishInput
12-06 20:14:06.861 I/AppiumUnicodeIME( 8680): onStartInput
12-06 20:14:06.871 I/ContactsDatabaseHelper( 8380): Switching to locale zh-CN (ICU v53.1.0.1)
12-06 20:14:06.915 I/PeopleSearchIndexManage( 8445): Marking for index update.
12-06 20:14:06.932 W/ActivityManager( 3096): getRunningAppProcesses: caller 10052 does not hold REAL_GET_TASKS; limiting output
12-06 20:14:06.949 W/ResourcesManager( 8916): Asset path '/system/framework/com.android.location.provider.jar' does not exist or contains no resources.
12-06 20:14:06.972 I/PeopleDatabaseHelper( 8445): cleanUpNonGplusAccounts done.
12-06 20:14:06.973 I/PeopleSearchIndexManage( 8445): Index version changed from 0
12-06 20:14:06.986 I/PeopleSearchIndexManage( 8445): Rebuilding index...
12-06 20:14:06.990 V/JNIHelp ( 8916): Registering com/google/android/gms/org/conscrypt/NativeCrypto's 235 native methods...
12-06 20:14:07.026 I/PeopleASM( 8445): Rebuilding autocomplete index...
12-06 20:14:07.033 I/PeopleSearchIndexManage( 8445): Rebuilding index done.
12-06 20:14:07.041 E/Vold    ( 2754): Failed to find mounted volume for /storage/sdcard1/Android/data/com.google.android.youtube.tv/cache/
12-06 20:14:07.041 W/Vold    ( 2754): Returning OperationFailed - no handler for errno 0
12-06 20:14:07.042 I/ContactsDatabaseHelper( 8380): Locale change completed in 171ms
12-06 20:14:07.042 W/ContextImpl( 8916): Failed to ensure directory: /storage/sdcard1/Android/data/com.google.android.youtube.tv/cache
12-06 20:14:07.043 I/ContactsDatabaseHelper( 8380): Switching to locale zh-CN (ICU v53.1.0.1)
12-06 20:14:07.072 I/ActivityManager( 3096): Start proc 8943:com.android.vending/u0a17 for service com.android.vending/com.google.android.finsky.services.ContentSyncService
12-06 20:14:07.111 I/ContactsDatabaseHelper( 8380): Locale change completed in 68ms
12-06 20:14:07.113 I/ProviderInstaller( 8916): Installed default security provider GmsCore_OpenSSL
12-06 20:14:07.142 W/Finsky  ( 8943): [1] FinskyApp.getCurrentAccount: No account configured on this device.
12-06 20:14:07.159 I/ContactsFTS( 8380): Rebuild contact search index in 19ms, 0 contacts
12-06 20:14:07.166 D/Finsky  ( 8943): [1] FinskyApp.onCreate: Initializing network with DFE https://android.clients.google.com/fdfe/
12-06 20:14:07.169 W/Finsky  ( 8943): [1] FinskyApp.getCurrentAccount: No account configured on this device.
12-06 20:14:07.204 W/Finsky  ( 8943): [1] FinskyApp.getCurrentAccount: No account configured on this device.
12-06 20:14:07.205 W/Finsky  ( 8943): [1] FinskyApp.getCurrentAccount: No account configured on this device.
12-06 20:14:07.210 W/Finsky  ( 8943): [1] FinskyApp.getCurrentAccount: No account configured on this device.
12-06 20:14:07.211 W/Finsky  ( 8943): [1] FinskyApp.getCurrentAccount: No account configured on this device.
12-06 20:14:07.215 W/Finsky  ( 8943): [1] FinskyApp.getCurrentAccount: No account configured on this device.
12-06 20:14:07.217 W/Finsky  ( 8943): [1] FinskyApp.getCurrentAccount: No account configured on this device.
12-06 20:14:07.219 D/Finsky  ( 8943): [1] DailyHygiene.goMakeHygieneIfDirty: No need to run daily hygiene.
12-06 20:14:07.226 W/Settings( 8943): Setting download_manager_max_bytes_over_mobile has moved from android.provider.Settings.Secure to android.provider.Settings.Global.
12-06 20:14:07.227 W/Settings( 8943): Setting download_manager_recommended_max_bytes_over_mobile has moved from android.provider.Settings.Secure to android.provider.Settings.Global.
12-06 20:14:07.238 W/Finsky  ( 8943): [1] FinskyApp.getCurrentAccount: No account configured on this device.
12-06 20:14:07.239 W/Finsky  ( 8943): [1] FinskyApp.getCurrentAccount: No account configured on this device.
12-06 20:14:07.240 W/Finsky  ( 8943): [1] FinskyApp.getDfeApi: No account configured on this device.
12-06 20:14:07.245 W/Finsky  ( 8943): [1] FinskyApp.getCurrentAccount: No account configured on this device.
12-06 20:14:07.254 D/Ads     ( 8943): Skipping gmscore version check
12-06 20:14:07.262 W/GooglePlayServicesUtil( 8943): Google Play services out of date.  Requires 8296000 but found 6188836
12-06 20:14:07.288 E/Vold    ( 2754): Failed to find mounted volume for /storage/sdcard1/Android/data/com.google.android.youtube.tv/cache/
12-06 20:14:07.288 W/Vold    ( 2754): Returning OperationFailed - no handler for errno 0
12-06 20:14:07.291 W/ContextImpl( 8916): Failed to ensure directory: /storage/sdcard1/Android/data/com.google.android.youtube.tv/cache
12-06 20:14:07.297 E/Vold    ( 2754): Failed to find mounted volume for /storage/sdcard1/Android/data/com.google.android.youtube.tv/files/
12-06 20:14:07.297 W/Vold    ( 2754): Returning OperationFailed - no handler for errno 0
12-06 20:14:07.299 W/ContextImpl( 8916): Failed to ensure directory: /storage/sdcard1/Android/data/com.google.android.youtube.tv/files
12-06 20:14:07.299 W/Finsky  ( 8943): [1] FinskyApp.getCurrentAccount: No account configured on this device.
12-06 20:14:07.301 E/Vold    ( 2754): Failed to find mounted volume for /storage/sdcard1/Android/data/com.google.android.youtube.tv/files/
12-06 20:14:07.301 W/Vold    ( 2754): Returning OperationFailed - no handler for errno 0
12-06 20:14:07.301 W/ContextImpl( 8916): Failed to ensure directory: /storage/sdcard1/Android/data/com.google.android.youtube.tv/files
12-06 20:14:07.302 W/Finsky  ( 8943): [1] FinskyApp.getCurrentAccount: No account configured on this device.
12-06 20:14:07.324 V/RenderScript( 8916): 0xab3668b0 Launching thread(s), CPUs 4
12-06 20:14:07.351 D/Finsky  ( 8943): [1] GmsCoreHelper.cleanupNlp: result=false type=4
12-06 20:14:07.364 D/Finsky  ( 8943): [1] RestoreTracker.stopServiceIfDone: Restore complete with 0 success and 0 failed.
12-06 20:14:07.369 D/GCM     ( 8445): COMPAT: Multi user not supported
12-06 20:14:07.376 D/Finsky  ( 8943): [811] AppStatesReplicator.handleContentSyncResponse: Completed 0 account content syncs with 0 successful.
12-06 20:14:07.377 D/Finsky  ( 8943): [1] ContentSyncService$5.onFinished: Installation state replication succeeded.
12-06 20:14:07.386 E/GCM     ( 8465): GCM failed to read backup checkin config, checkin may have failed
12-06 20:14:07.387 W/GCM     ( 8465): GCM FAILED TO INITIALIZE - missing checkin
12-06 20:14:07.388 W/GCM     ( 8465): GCM registration failed: invalid or missing checkin null
12-06 20:14:07.391 E/GCM     ( 8465): GCM failed to read backup checkin config, checkin may have failed
12-06 20:14:07.392 W/GCM     ( 8465): GCM FAILED TO INITIALIZE - missing checkin
12-06 20:14:07.392 W/GCM     ( 8465): GCM registration failed: invalid or missing checkin null
12-06 20:14:07.396 W/YouTube ( 8916): (unknown) Could not register with GCM: 
12-06 20:14:07.396 W/YouTube ( 8916): java.io.IOException: AUTHENTICATION_FAILED
12-06 20:14:07.396 W/YouTube ( 8916): 	at bmu.a(Unknown Source)
12-06 20:14:07.396 W/YouTube ( 8916): 	at chu.run(SourceFile:57)
12-06 20:14:07.396 W/YouTube ( 8916): 	at java.util.concurrent.ThreadPoolExecutor.runWorker(ThreadPoolExecutor.java:1112)
12-06 20:14:07.396 W/YouTube ( 8916): 	at java.util.concurrent.ThreadPoolExecutor$Worker.run(ThreadPoolExecutor.java:587)
12-06 20:14:07.396 W/YouTube ( 8916): 	at bwo.run(SourceFile:40)
12-06 20:14:07.396 W/YouTube ( 8916): 	at java.lang.Thread.run(Thread.java:818)
12-06 20:14:08.544 I/art     ( 3096): Explicit concurrent mark sweep GC freed 16140(847KB) AllocSpace objects, 4(61KB) LOS objects, 33% free, 11MB/16MB, paused 1.746ms total 63.403ms
12-06 20:14:08.947 E/GCM     ( 8465): GCM failed to read backup checkin config, checkin may have failed
12-06 20:14:08.950 W/GCM     ( 8465): GCM FAILED TO INITIALIZE - missing checkin
12-06 20:14:08.950 W/GCM     ( 8465): GCM registration failed: invalid or missing checkin null
12-06 20:14:08.953 E/GCM     ( 8465): GCM failed to read backup checkin config, checkin may have failed
12-06 20:14:08.953 W/GCM     ( 8465): GCM FAILED TO INITIALIZE - missing checkin
12-06 20:14:08.953 W/GCM     ( 8465): GCM registration failed: invalid or missing checkin null
12-06 20:14:08.958 W/YouTube ( 8916): (unknown) Could not register with GCM: 
12-06 20:14:08.958 W/YouTube ( 8916): java.io.IOException: AUTHENTICATION_FAILED
12-06 20:14:08.958 W/YouTube ( 8916): 	at bmu.a(Unknown Source)
12-06 20:14:08.958 W/YouTube ( 8916): 	at chu.run(SourceFile:57)
12-06 20:14:08.958 W/YouTube ( 8916): 	at java.util.concurrent.ThreadPoolExecutor.runWorker(ThreadPoolExecutor.java:1112)
12-06 20:14:08.958 W/YouTube ( 8916): 	at java.util.concurrent.ThreadPoolExecutor$Worker.run(ThreadPoolExecutor.java:587)
12-06 20:14:08.958 W/YouTube ( 8916): 	at bwo.run(SourceFile:40)
12-06 20:14:08.958 W/YouTube ( 8916): 	at java.lang.Thread.run(Thread.java:818)
12-06 20:14:09.280 I/CheckinService( 8445): Done disabling old GoogleServicesFramework version
12-06 20:14:11.029 E/GCM     ( 8465): GCM failed to read backup checkin config, checkin may have failed
12-06 20:14:11.034 W/GCM     ( 8465): GCM FAILED TO INITIALIZE - missing checkin
12-06 20:14:11.035 W/GCM     ( 8465): GCM registration failed: invalid or missing checkin null
12-06 20:14:11.047 E/GCM     ( 8465): GCM failed to read backup checkin config, checkin may have failed
12-06 20:14:11.048 W/GCM     ( 8465): GCM FAILED TO INITIALIZE - missing checkin
12-06 20:14:11.050 W/GCM     ( 8465): GCM registration failed: invalid or missing checkin null
12-06 20:14:11.055 W/YouTube ( 8916): (unknown) Could not register with GCM: 
12-06 20:14:11.055 W/YouTube ( 8916): java.io.IOException: AUTHENTICATION_FAILED
12-06 20:14:11.055 W/YouTube ( 8916): 	at bmu.a(Unknown Source)
12-06 20:14:11.055 W/YouTube ( 8916): 	at chu.run(SourceFile:57)
12-06 20:14:11.055 W/YouTube ( 8916): 	at java.util.concurrent.ThreadPoolExecutor.runWorker(ThreadPoolExecutor.java:1112)
12-06 20:14:11.055 W/YouTube ( 8916): 	at java.util.concurrent.ThreadPoolExecutor$Worker.run(ThreadPoolExecutor.java:587)
12-06 20:14:11.055 W/YouTube ( 8916): 	at bwo.run(SourceFile:40)
12-06 20:14:11.055 W/YouTube ( 8916): 	at java.lang.Thread.run(Thread.java:818)
12-06 20:14:12.676 W/AccessibilityNodeInfoDumper( 8772): Fetch time: 7ms
12-06 20:14:13.241 W/AccessibilityNodeInfoDumper( 8772): Fetch time: 13ms
12-06 20:14:13.800 W/AccessibilityNodeInfoDumper( 8772): Fetch time: 5ms
12-06 20:14:14.353 W/AccessibilityNodeInfoDumper( 8772): Fetch time: 5ms
12-06 20:14:14.902 W/AccessibilityNodeInfoDumper( 8772): Fetch time: 6ms
12-06 20:14:15.417 E/GCM     ( 8465): GCM failed to read backup checkin config, checkin may have failed
12-06 20:14:15.421 W/GCM     ( 8465): GCM FAILED TO INITIALIZE - missing checkin
12-06 20:14:15.423 W/GCM     ( 8465): GCM registration failed: invalid or missing checkin null
12-06 20:14:15.427 E/GCM     ( 8465): GCM failed to read backup checkin config, checkin may have failed
12-06 20:14:15.429 W/GCM     ( 8465): GCM FAILED TO INITIALIZE - missing checkin
12-06 20:14:15.431 W/GCM     ( 8465): GCM registration failed: invalid or missing checkin null
12-06 20:14:15.466 W/YouTube ( 8916): (unknown) Could not register with GCM: 
12-06 20:14:15.466 W/YouTube ( 8916): java.io.IOException: AUTHENTICATION_FAILED
12-06 20:14:15.466 W/YouTube ( 8916): 	at bmu.a(Unknown Source)
12-06 20:14:15.466 W/YouTube ( 8916): 	at chu.run(SourceFile:57)
12-06 20:14:15.466 W/YouTube ( 8916): 	at java.util.concurrent.ThreadPoolExecutor.runWorker(ThreadPoolExecutor.java:1112)
12-06 20:14:15.466 W/YouTube ( 8916): 	at java.util.concurrent.ThreadPoolExecutor$Worker.run(ThreadPoolExecutor.java:587)
12-06 20:14:15.466 W/YouTube ( 8916): 	at bwo.run(SourceFile:40)
12-06 20:14:15.466 W/YouTube ( 8916): 	at java.lang.Thread.run(Thread.java:818)
12-06 20:14:15.551 W/AccessibilityNodeInfoDumper( 8772): Fetch time: 23ms
12-06 20:14:16.067 I/AppiumUnicodeIME( 8680): onFinishInput
12-06 20:14:16.107 W/AccessibilityNodeInfoDumper( 8772): Fetch time: 3ms
12-06 20:14:16.110 I/AppiumUnicodeIME( 8680): onStartInput
12-06 20:14:16.651 W/AccessibilityNodeInfoDumper( 8772): Fetch time: 9ms
12-06 20:14:16.900 I/ActivityManager( 3096): START u0 {cmp=com.swl.kclauncher/com.swl.launcher.ui.HomeActivity} from uid 10058 on display 0
12-06 20:14:16.914 V/WindowManager( 3096): addAppToken: AppWindowToken{327c5765 token=Token{19bcd85c ActivityRecord{211176cf u0 com.swl.kclauncher/com.swl.launcher.ui.HomeActivity t10}}} to stack=0 task=10 at 1
12-06 20:14:16.973 D/exploit ( 8805): start
12-06 20:14:16.992 D/exploit ( 8805): start
12-06 20:14:16.995 I/CoolXMainActivity( 8805): in retrieveMetaData, mActivityConfig=ActivityConfig: needToAutoUpdate=true, needCollectRecord=false
12-06 20:14:16.995 D/CoolXMainActivity( 8805): transactAutoUpdate
12-06 20:14:16.996 D/UpdateDelegation( 8805): packageName-------------->com.swl.kclauncher
12-06 20:14:17.002 D/UpdateDelegation( 8805): versionCode-------------->11101
12-06 20:14:17.009 I/org.coolx.applicationupdate.UpdateHelper( 8805): 第1次查询
12-06 20:14:17.009 D/org.coolx.applicationupdate.UpdateHelper( 8805): queryUpdateTest===url----->http://sjpk.kkmv2u.com/MarketServer/update?action=checkUpdate&packagenamesAndVersioncodes=com.swl.kclauncher,11101&language=htv_zh
12-06 20:14:17.151 E/libEGL  ( 8805): call to OpenGL ES API with no current context (logged once per thread)
12-06 20:14:17.325 V/WindowManager( 3096): Adding window Window{368c17ea u0 com.swl.kclauncher/com.swl.launcher.ui.HomeActivity} at 3 of 4 (after Window{1a9f32c9 u0 com.swl.kclauncher/com.swl.launcher.ui.TimeZoneActivity})
12-06 20:14:17.417 I/art     ( 8805): Background sticky concurrent mark sweep GC freed 115355(4MB) AllocSpace objects, 7(112KB) LOS objects, 15% free, 17MB/20MB, paused 1.863ms total 127.457ms
12-06 20:14:17.451 I/AppiumUnicodeIME( 8680): onFinishInput
12-06 20:14:17.456 I/AccessibilityNodeInfoDumper( 8772): Null child 0/1, parent: android.view.accessibility.AccessibilityNodeInfo@800133b9; boundsInParent: Rect(0, 0 - 1920, 1080); boundsInScreen: Rect(0, 0 - 1920, 1080); packageName: com.swl.kclauncher; className: android.widget.FrameLayout; text: null; error: null; maxTextLength: -1; contentDescription: null; viewIdResName: null; checkable: false; checked: false; focusable: false; focused: false; selected: false; clickable: false; longClickable: false; enabled: true; password: false; scrollable: false; actions: [AccessibilityAction: ACTION_SELECT - null, AccessibilityAction: ACTION_CLEAR_SELECTION - null, AccessibilityAction: ACTION_ACCESSIBILITY_FOCUS - null]
12-06 20:14:17.457 W/AccessibilityNodeInfoDumper( 8772): Fetch time: 17ms
12-06 20:14:17.471 I/AppiumUnicodeIME( 8680): onStartInput
12-06 20:14:17.589 I/ActivityManager( 3096): Displayed com.swl.kclauncher/com.swl.launcher.ui.HomeActivity: +640ms
12-06 20:14:18.066 I/AccessibilityNodeInfoDumper( 8772): Skipping invisible child: android.view.accessibility.AccessibilityNodeInfo@8002ba22; boundsInParent: Rect(0, 0 - 525, 378); boundsInScreen: Rect(656, 184 - 656, 600); packageName: com.swl.kclauncher; className: android.widget.FrameLayout; text: null; error: null; maxTextLength: -1; contentDescription: null; viewIdResName: null; checkable: false; checked: false; focusable: false; focused: false; selected: false; clickable: false; longClickable: false; enabled: true; password: false; scrollable: false; actions: [AccessibilityAction: ACTION_SELECT - null, AccessibilityAction: ACTION_CLEAR_SELECTION - null, AccessibilityAction: ACTION_ACCESSIBILITY_FOCUS - null]
12-06 20:14:18.170 I/AccessibilityNodeInfoDumper( 8772): Skipping invisible child: android.view.accessibility.AccessibilityNodeInfo@8001d525; boundsInParent: Rect(524132, 0 - 524444, 41); boundsInScreen: Rect(105, 1137 - 417, 1080); packageName: com.swl.kclauncher; className: android.widget.TextView; text: Appium Android Input Manager for Unicode; error: null; maxTextLength: -1; contentDescription: null; viewIdResName: com.swl.kclauncher:id/item_name; checkable: false; checked: false; focusable: false; focused: false; selected: false; clickable: false; longClickable: false; enabled: true; password: false; scrollable: false; actions: [AccessibilityAction: ACTION_SELECT - null, AccessibilityAction: ACTION_CLEAR_SELECTION - null, AccessibilityAction: ACTION_ACCESSIBILITY_FOCUS - null, AccessibilityAction: ACTION_NEXT_AT_MOVEMENT_GRANULARITY - null, AccessibilityAction: ACTION_PREVIOUS_AT_MOVEMENT_GRANULARITY - null, AccessibilityAction: ACTION_SET_SELECTION - null]
12-06 20:14:18.173 I/AccessibilityNodeInfoDumper( 8772): Skipping invisible child: android.view.accessibility.AccessibilityNodeInfo@8001f32d; boundsInParent: Rect(524146, 0 - 524431, 41); boundsInScreen: Rect(472, 1137 - 757, 1080); packageName: com.swl.kclauncher; className: android.widget.TextView; text: Appium Settings; error: null; maxTextLength: -1; contentDescription: null; viewIdResName: com.swl.kclauncher:id/item_name; checkable: false; checked: false; focusable: false; focused: false; selected: false; clickable: false; longClickable: false; enabled: true; password: false; scrollable: false; actions: [AccessibilityAction: ACTION_SELECT - null, AccessibilityAction: ACTION_CLEAR_SELECTION - null, AccessibilityAction: ACTION_ACCESSIBILITY_FOCUS - null, AccessibilityAction: ACTION_NEXT_AT_MOVEMENT_GRANULARITY - null, AccessibilityAction: ACTION_PREVIOUS_AT_MOVEMENT_GRANULARITY - null, AccessibilityAction: ACTION_SET_SELECTION - null]
12-06 20:14:18.174 I/AccessibilityNodeInfoDumper( 8772): Skipping invisible child: android.view.accessibility.AccessibilityNodeInfo@800236bf; boundsInParent: Rect(524230, 0 - 524346, 41); boundsInScreen: Rect(911, 1137 - 1027, 1080); packageName: com.swl.kclauncher; className: android.widget.TextView; text: Unlock; error: null; maxTextLength: -1; contentDescription: null; viewIdResName: com.swl.kclauncher:id/item_name; checkable: false; checked: false; focusable: false; focused: false; selected: false; clickable: false; longClickable: false; enabled: true; password: false; scrollable: false; actions: [AccessibilityAction: ACTION_SELECT - null, AccessibilityAction: ACTION_CLEAR_SELECTION - null, AccessibilityAction: ACTION_ACCESSIBILITY_FOCUS - null, AccessibilityAction: ACTION_NEXT_AT_MOVEMENT_GRANULARITY - null, AccessibilityAction: ACTION_PREVIOUS_AT_MOVEMENT_GRANULARITY - null, AccessibilityAction: ACTION_SET_SELECTION - null]
12-06 20:14:18.175 I/AccessibilityNodeInfoDumper( 8772): Skipping invisible child: android.view.accessibility.AccessibilityNodeInfo@8001af9b; boundsInParent: Rect(0, 0 - 156, 45); boundsInScreen: Rect(105, 1321 - 261, 1080); packageName: com.swl.kclauncher; className: android.widget.TextView; text: 系统工具; error: null; maxTextLength: -1; contentDescription: null; viewIdResName: com.swl.kclauncher:id/textView_system_tools; checkable: false; checked: false; focusable: false; focused: false; selected: false; clickable: false; longClickable: false; enabled: true; password: false; scrollable: false; actions: [AccessibilityAction: ACTION_SELECT - null, AccessibilityAction: ACTION_CLEAR_SELECTION - null, AccessibilityAction: ACTION_ACCESSIBILITY_FOCUS - null, AccessibilityAction: ACTION_NEXT_AT_MOVEMENT_GRANULARITY - null, AccessibilityAction: ACTION_PREVIOUS_AT_MOVEMENT_GRANULARITY - null, AccessibilityAction: ACTION_SET_SELECTION - null]
12-06 20:14:18.175 I/AccessibilityNodeInfoDumper( 8772): Skipping invisible child: android.view.accessibility.AccessibilityNodeInfo@8001abda; boundsInParent: Rect(0, 0 - 1790, 473); boundsInScreen: Rect(105, 1404 - 1895, 1080); packageName: com.swl.kclauncher; className: android.support.v7.widget.RecyclerView; text: null; error: null; maxTextLength: -1; contentDescription: null; viewIdResName: com.swl.kclauncher:id/recyclerView_system_app_list; checkable: false; checked: false; focusable: false; focused: false; selected: false; clickable: false; longClickable: false; enabled: true; password: false; scrollable: false; actions: [AccessibilityAction: ACTION_SELECT - null, AccessibilityAction: ACTION_CLEAR_SELECTION - null, AccessibilityAction: ACTION_ACCESSIBILITY_FOCUS - null]
12-06 20:14:18.182 W/AccessibilityNodeInfoDumper( 8772): Fetch time: 141ms
12-06 20:14:18.829 I/AccessibilityNodeInfoDumper( 8772): Skipping invisible child: android.view.accessibility.AccessibilityNodeInfo@8002ba22; boundsInParent: Rect(0, 0 - 525, 378); boundsInScreen: Rect(656, 184 - 656, 600); packageName: com.swl.kclauncher; className: android.widget.FrameLayout; text: null; error: null; maxTextLength: -1; contentDescription: null; viewIdResName: null; checkable: false; checked: false; focusable: false; focused: false; selected: false; clickable: false; longClickable: false; enabled: true; password: false; scrollable: false; actions: [AccessibilityAction: ACTION_SELECT - null, AccessibilityAction: ACTION_CLEAR_SELECTION - null, AccessibilityAction: ACTION_ACCESSIBILITY_FOCUS - null]
12-06 20:14:18.836 I/AccessibilityNodeInfoDumper( 8772): Skipping invisible child: android.view.accessibility.AccessibilityNodeInfo@8001d525; boundsInParent: Rect(524132, 0 - 524444, 41); boundsInScreen: Rect(105, 1137 - 417, 1080); packageName: com.swl.kclauncher; className: android.widget.TextView; text: Appium Android Input Manager for Unicode; error: null; maxTextLength: -1; contentDescription: null; viewIdResName: com.swl.kclauncher:id/item_name; checkable: false; checked: false; focusable: false; focused: false; selected: false; clickable: false; longClickable: false; enabled: true; password: false; scrollable: false; actions: [AccessibilityAction: ACTION_SELECT - null, AccessibilityAction: ACTION_CLEAR_SELECTION - null, AccessibilityAction: ACTION_ACCESSIBILITY_FOCUS - null, AccessibilityAction: ACTION_NEXT_AT_MOVEMENT_GRANULARITY - null, AccessibilityAction: ACTION_PREVIOUS_AT_MOVEMENT_GRANULARITY - null, AccessibilityAction: ACTION_SET_SELECTION - null]
12-06 20:14:18.837 I/AccessibilityNodeInfoDumper( 8772): Skipping invisible child: android.view.accessibility.AccessibilityNodeInfo@8001f32d; boundsInParent: Rect(524146, 0 - 524431, 41); boundsInScreen: Rect(472, 1137 - 757, 1080); packageName: com.swl.kclauncher; className: android.widget.TextView; text: Appium Settings; error: null; maxTextLength: -1; contentDescription: null; viewIdResName: com.swl.kclauncher:id/item_name; checkable: false; checked: false; focusable: false; focused: false; selected: false; clickable: false; longClickable: false; enabled: true; password: false; scrollable: false; actions: [AccessibilityAction: ACTION_SELECT - null, AccessibilityAction: ACTION_CLEAR_SELECTION - null, AccessibilityAction: ACTION_ACCESSIBILITY_FOCUS - null, AccessibilityAction: ACTION_NEXT_AT_MOVEMENT_GRANULARITY - null, AccessibilityAction: ACTION_PREVIOUS_AT_MOVEMENT_GRANULARITY - null, AccessibilityAction: ACTION_SET_SELECTION - null]
12-06 20:14:18.837 I/AccessibilityNodeInfoDumper( 8772): Skipping invisible child: android.view.accessibility.AccessibilityNodeInfo@800236bf; boundsInParent: Rect(524230, 0 - 524346, 41); boundsInScreen: Rect(911, 1137 - 1027, 1080); packageName: com.swl.kclauncher; className: android.widget.TextView; text: Unlock; error: null; maxTextLength: -1; contentDescription: null; viewIdResName: com.swl.kclauncher:id/item_name; checkable: false; checked: false; focusable: false; focused: false; selected: false; clickable: false; longClickable: false; enabled: true; password: false; scrollable: false; actions: [AccessibilityAction: ACTION_SELECT - null, AccessibilityAction: ACTION_CLEAR_SELECTION - null, AccessibilityAction: ACTION_ACCESSIBILITY_FOCUS - null, AccessibilityAction: ACTION_NEXT_AT_MOVEMENT_GRANULARITY - null, AccessibilityAction: ACTION_PREVIOUS_AT_MOVEMENT_GRANULARITY - null, AccessibilityAction: ACTION_SET_SELECTION - null]
